Component: ARM Compiler 5.06 update 4 (build 422) Tool: armlink [4d35d2]

==============================================================================

Section Cross References

    startup_stm32f10x_hd.o(STACK) refers (Special) to heapauxi.o(.text) for __use_two_region_memory
    startup_stm32f10x_hd.o(HEAP) refers (Special) to heapauxi.o(.text) for __use_two_region_memory
    startup_stm32f10x_hd.o(RESET) refers (Special) to heapauxi.o(.text) for __use_two_region_memory
    startup_stm32f10x_hd.o(RESET) refers to startup_stm32f10x_hd.o(STACK) for __initial_sp
    startup_stm32f10x_hd.o(RESET) refers to startup_stm32f10x_hd.o(.text) for Reset_Handler
    startup_stm32f10x_hd.o(RESET) refers to stm32f10x_it.o(i.NMI_Handler) for NMI_Handler
    startup_stm32f10x_hd.o(RESET) refers to stm32f10x_it.o(i.HardFault_Handler) for HardFault_Handler
    startup_stm32f10x_hd.o(RESET) refers to stm32f10x_it.o(i.MemManage_Handler) for MemManage_Handler
    startup_stm32f10x_hd.o(RESET) refers to stm32f10x_it.o(i.BusFault_Handler) for BusFault_Handler
    startup_stm32f10x_hd.o(RESET) refers to stm32f10x_it.o(i.UsageFault_Handler) for UsageFault_Handler
    startup_stm32f10x_hd.o(RESET) refers to stm32f10x_it.o(i.SVC_Handler) for SVC_Handler
    startup_stm32f10x_hd.o(RESET) refers to stm32f10x_it.o(i.DebugMon_Handler) for DebugMon_Handler
    startup_stm32f10x_hd.o(RESET) refers to stm32f10x_it.o(i.PendSV_Handler) for PendSV_Handler
    startup_stm32f10x_hd.o(RESET) refers to stm32f10x_it.o(i.SysTick_Handler) for SysTick_Handler
    startup_stm32f10x_hd.o(RESET) refers to stm32f10x_it.o(i.EXTI3_IRQHandler) for EXTI3_IRQHandler
    startup_stm32f10x_hd.o(RESET) refers to stm32f10x_it.o(i.EXTI4_IRQHandler) for EXTI4_IRQHandler
    startup_stm32f10x_hd.o(RESET) refers to stm32f10x_it.o(i.USB_LP_CAN1_RX0_IRQHandler) for USB_LP_CAN1_RX0_IRQHandler
    startup_stm32f10x_hd.o(RESET) refers to stm32f10x_it.o(i.EXTI9_5_IRQHandler) for EXTI9_5_IRQHandler
    startup_stm32f10x_hd.o(RESET) refers to stm32f10x_it.o(i.TIM3_IRQHandler) for TIM3_IRQHandler
    startup_stm32f10x_hd.o(RESET) refers to stm32f10x_it.o(i.USART1_IRQHandler) for USART1_IRQHandler
    startup_stm32f10x_hd.o(RESET) refers to stm32f10x_it.o(i.USART3_IRQHandler) for USART3_IRQHandler
    startup_stm32f10x_hd.o(.text) refers (Special) to heapauxi.o(.text) for __use_two_region_memory
    startup_stm32f10x_hd.o(.text) refers to system_stm32f10x.o(i.SystemInit) for SystemInit
    startup_stm32f10x_hd.o(.text) refers to __main.o(!!!main) for __main
    startup_stm32f10x_hd.o(.text) refers to startup_stm32f10x_hd.o(HEAP) for Heap_Mem
    startup_stm32f10x_hd.o(.text) refers to startup_stm32f10x_hd.o(STACK) for Stack_Mem
    stm32f10x_adc.o(i.ADC_DeInit) refers to stm32f10x_rcc.o(i.RCC_APB2PeriphResetCmd) for RCC_APB2PeriphResetCmd
    stm32f10x_bkp.o(i.BKP_DeInit) refers to stm32f10x_rcc.o(i.RCC_BackupResetCmd) for RCC_BackupResetCmd
    stm32f10x_can.o(i.CAN_DeInit) refers to stm32f10x_rcc.o(i.RCC_APB1PeriphResetCmd) for RCC_APB1PeriphResetCmd
    stm32f10x_can.o(i.CAN_GetITStatus) refers to stm32f10x_can.o(i.CheckITStatus) for CheckITStatus
    stm32f10x_cec.o(i.CEC_DeInit) refers to stm32f10x_rcc.o(i.RCC_APB1PeriphResetCmd) for RCC_APB1PeriphResetCmd
    stm32f10x_dac.o(i.DAC_DeInit) refers to stm32f10x_rcc.o(i.RCC_APB1PeriphResetCmd) for RCC_APB1PeriphResetCmd
    stm32f10x_flash.o(i.FLASH_EnableWriteProtection) refers to stm32f10x_flash.o(i.FLASH_WaitForLastOperation) for FLASH_WaitForLastOperation
    stm32f10x_flash.o(i.FLASH_EraseAllBank1Pages) refers to stm32f10x_flash.o(i.FLASH_WaitForLastBank1Operation) for FLASH_WaitForLastBank1Operation
    stm32f10x_flash.o(i.FLASH_EraseAllPages) refers to stm32f10x_flash.o(i.FLASH_WaitForLastOperation) for FLASH_WaitForLastOperation
    stm32f10x_flash.o(i.FLASH_EraseOptionBytes) refers to stm32f10x_flash.o(i.FLASH_GetReadOutProtectionStatus) for FLASH_GetReadOutProtectionStatus
    stm32f10x_flash.o(i.FLASH_EraseOptionBytes) refers to stm32f10x_flash.o(i.FLASH_WaitForLastOperation) for FLASH_WaitForLastOperation
    stm32f10x_flash.o(i.FLASH_ErasePage) refers to stm32f10x_flash.o(i.FLASH_WaitForLastOperation) for FLASH_WaitForLastOperation
    stm32f10x_flash.o(i.FLASH_ProgramHalfWord) refers to stm32f10x_flash.o(i.FLASH_WaitForLastOperation) for FLASH_WaitForLastOperation
    stm32f10x_flash.o(i.FLASH_ProgramOptionByteData) refers to stm32f10x_flash.o(i.FLASH_WaitForLastOperation) for FLASH_WaitForLastOperation
    stm32f10x_flash.o(i.FLASH_ProgramWord) refers to stm32f10x_flash.o(i.FLASH_WaitForLastOperation) for FLASH_WaitForLastOperation
    stm32f10x_flash.o(i.FLASH_ReadOutProtection) refers to stm32f10x_flash.o(i.FLASH_WaitForLastOperation) for FLASH_WaitForLastOperation
    stm32f10x_flash.o(i.FLASH_UserOptionByteConfig) refers to stm32f10x_flash.o(i.FLASH_WaitForLastOperation) for FLASH_WaitForLastOperation
[...]
    ..\\Libraries\\StdPeriph_Driver\\src\\stm32f10x_cec.c 0x00000000   Number         0  stm32f10x_cec.o ABSOLUTE
    ..\\Libraries\\StdPeriph_Driver\\src\\stm32f10x_crc.c 0x00000000   Number         0  stm32f10x_crc.o ABSOLUTE
    ..\\Libraries\\StdPeriph_Driver\\src\\stm32f10x_dac.c 0x00000000   Number         0  stm32f10x_dac.o ABSOLUTE
    ..\\Libraries\\StdPeriph_Driver\\src\\stm32f10x_dbgmcu.c 0x00000000   Number         0  stm32f10x_dbgmcu.o ABSOLUTE
    ..\\Libraries\\StdPeriph_Driver\\src\\stm32f10x_dma.c 0x00000000   Number         0  stm32f10x_dma.o ABSOLUTE
    ..\\Libraries\\StdPeriph_Driver\\src\\stm32f10x_exti.c 0x00000000   Number         0  stm32f10x_exti.o ABSOLUTE
    ..\\Libraries\\StdPeriph_Driver\\src\\stm32f10x_flash.c 0x00000000   Number         0  stm32f10x_flash.o ABSOLUTE
    ..\\Libraries\\StdPeriph_Driver\\src\\stm32f10x_fsmc.c 0x00000000   Number         0  stm32f10x_fsmc.o ABSOLUTE
    ..\\Libraries\\StdPeriph_Driver\\src\\stm32f10x_gpio.c 0x00000000   Number         0  stm32f10x_gpio.o ABSOLUTE
    ..\\Libraries\\StdPeriph_Driver\\src\\stm32f10x_i2c.c 0x00000000   Number         0  stm32f10x_i2c.o ABSOLUTE
    ..\\Libraries\\StdPeriph_Driver\\src\\stm32f10x_iwdg.c 0x00000000   Number         0  stm32f10x_iwdg.o ABSOLUTE
    ..\\Libraries\\StdPeriph_Driver\\src\\stm32f10x_pwr.c 0x00000000   Number         0  stm32f10x_pwr.o ABSOLUTE
    ..\\Libraries\\StdPeriph_Driver\\src\\stm32f10x_rcc.c 0x00000000   Number         0  stm32f10x_rcc.o ABSOLUTE
    ..\\Libraries\\StdPeriph_Driver\\src\\stm32f10x_rtc.c 0x00000000   Number         0  stm32f10x_rtc.o ABSOLUTE
    ..\\Libraries\\StdPeriph_Driver\\src\\stm32f10x_sdio.c 0x00000000   Number         0  stm32f10x_sdio.o ABSOLUTE
    ..\\Libraries\\StdPeriph_Driver\\src\\stm32f10x_spi.c 0x00000000   Number         0  stm32f10x_spi.o ABSOLUTE
    ..\\Libraries\\StdPeriph_Driver\\src\\stm32f10x_tim.c 0x00000000   Number         0  stm32f10x_tim.o ABSOLUTE
    ..\\Libraries\\StdPeriph_Driver\\src\\stm32f10x_usart.c 0x00000000   Number         0  stm32f10x_usart.o ABSOLUTE
    ..\\Libraries\\StdPeriph_Driver\\src\\stm32f10x_wwdg.c 0x00000000   Number         0  stm32f10x_wwdg.o ABSOLUTE
    ..\\ThirdLib\\socket\\socket.c           0x00000000   Number         0  socket.o ABSOLUTE
    ..\\ThirdLib\\socket\\utility.c          0x00000000   Number         0  utility.o ABSOLUTE
    ..\\ThirdLib\\socket\\w5500_config.c     0x00000000   Number         0  w5500_config.o ABSOLUTE
    ..\\User\\Api\\api_dataPro.c             0x00000000   Number         0  api_datapro.o ABSOLUTE
    ..\\User\\Api\\api_motor.c               0x00000000   Number         0  api_motor.o ABSOLUTE
    ..\\User\\App\\app_can.c                 0x00000000   Number         0  app_can.o ABSOLUTE
    ..\\User\\App\\app_config.c              0x00000000   Number         0  app_config.o ABSOLUTE
    ..\\User\\App\\app_gpio.c                0x00000000   Number         0  app_gpio.o ABSOLUTE
    ..\\User\\App\\app_pt100.c               0x00000000   Number         0  app_pt100.o ABSOLUTE
    ..\\User\\App\\app_tcp.c                 0x00000000   Number         0  app_tcp.o ABSOLUTE
    ..\\User\\App\\app_uart.c                0x00000000   Number         0  app_uart.o ABSOLUTE
    ..\\User\\Bfm\\bfm_w5500.c               0x00000000   Number         0  bfm_w5500.o ABSOLUTE
    ..\\User\\Main\\Param.c                  0x00000000   Number         0  param.o ABSOLUTE
    ..\\User\\Main\\main.c                   0x00000000   Number         0  main.o ABSOLUTE
    ..\\User\\Main\\stm32f10x_it.c           0x00000000   Number         0  stm32f10x_it.o ABSOLUTE
    ..\\User\\Main\\system_stm32f10x.c       0x00000000   Number         0  system_stm32f10x.o ABSOLUTE
    ..\\User\\Ocp\\ocp_adc.c                 0x00000000   Number         0  ocp_adc.o ABSOLUTE
    ..\\User\\Ocp\\ocp_can.c                 0x00000000   Number         0  ocp_can.o ABSOLUTE
    ..\\User\\Ocp\\ocp_gpio.c                0x00000000   Number         0  ocp_gpio.o ABSOLUTE
    ..\\User\\Ocp\\ocp_spi.c                 0x00000000   Number         0  ocp_spi.o ABSOLUTE
    ..\\User\\Ocp\\ocp_timer.c               0x00000000   Number         0  ocp_timer.o ABSOLUTE
    ..\\User\\Ocp\\ocp_uart.c                0x00000000   Number         0  ocp_uart.o ABSOLUTE
    ..\\User\\Task\\private.c                0x00000000   Number         0  private.o ABSOLUTE
    ..\\User\\Task\\task.c                   0x00000000   Number         0  task.o ABSOLUTE
    dc.s                                     0x00000000   Number         0  dc.o ABSOLUTE
    RESET                                    0x08000000   Section      304  startup_stm32f10x_hd.o(RESET)
    !!!main                                  0x08000130   Section        8  __main.o(!!!main)
    !!!scatter                               0x08000138   Section       52  __scatter.o(!!!scatter)
    !!handler_copy                           0x0800016c   Section       26  __scatter_copy.o(!!handler_copy)
    !!handler_zi                             0x08000188   Section       28  __scatter_zi.o(!!handler_zi)
    .ARM.Collect$$libinit$$00000000          0x080001a4   Section        2  libinit.o(.ARM.Collect$$libinit$$00000000)
    .ARM.Collect$$libinit$$00000002          0x080001a6   Section        0  libinit2.o(.ARM.Collect$$libinit$$00000002)
    .ARM.Collect$$libinit$$00000004          0x080001a6   Section        0  libinit2.o(.ARM.Collect$$libinit$$00000004)
    .ARM.Collect$$libinit$$0000000A          0x080001a6   Section        0  libinit2.o(.ARM.Collect$$libinit$$0000000A)
    .ARM.Collect$$libinit$$0000000C          0x080001a6   Section        0  libinit2.o(.ARM.Collect$$libinit$$0000000C)
    .ARM.Collect$$libinit$$0000000E          0x080001a6   Section        0  libinit2.o(.ARM.Collect$$libinit$$0000000E)
    .ARM.Collect$$libinit$$00000011          0x080001a6   Section        0  libinit2.o(.ARM.Collect$$libinit$$00000011)
    .ARM.Collect$$libinit$$00000013          0x080001a6   Section        0  libinit2.o(.ARM.Collect$$libinit$$00000013)
    .ARM.Collect$$libinit$$00000015          0x080001a6   Section        0  libinit2.o(.ARM.Collect$$libinit$$00000015)
    .ARM.Collect$$libinit$$00000017          0x080001a6   Section        0  libinit2.o(.ARM.Collect$$libinit$$00000017)
    .ARM.Collect$$libinit$$00000019          0x080001a6   Section        0  libinit2.o(.ARM.Collect$$libinit$$00000019)
    .ARM.Collect$$libinit$$0000001B          0x080001a6   Section        0  libinit2.o(.ARM.Collect$$libinit$$0000001B)
    .ARM.Collect$$libinit$$0000001D          0x080001a6   Section        0  libinit2.o(.ARM.Collect$$libinit$$0000001D)
    .ARM.Collect$$libinit$$0000001F          0x080001a6   Section        0  libinit2.o(.ARM.Collect$$libinit$$0000001F)
    .ARM.Collect$$libinit$$00000021          0x080001a6   Section        0  libinit2.o(.ARM.Collect$$libinit$$00000021)
    .ARM.Collect$$libinit$$00000023          0x080001a6   Section        0  libinit2.o(.ARM.Collect$$libinit$$00000023)
    .ARM.Collect$$libinit$$00000025          0x080001a6   Section        0  libinit2.o(.ARM.Collect$$libinit$$00000025)
    .ARM.Collect$$libinit$$0000002C          0x080001a6   Section        0  libinit2.o(.ARM.Collect$$libinit$$0000002C)
    .ARM.Collect$$libinit$$0000002E          0x080001a6   Section        0  libinit2.o(.ARM.Collect$$libinit$$0000002E)
    .ARM.Collect$$libinit$$00000030          0x080001a6   Section        0  libinit2.o(.ARM.Collect$$libinit$$00000030)
    .ARM.Collect$$libinit$$00000032          0x080001a6   Section        0  libinit2.o(.ARM.Collect$$libinit$$00000032)
    .ARM.Collect$$libinit$$00000033          0x080001a6   Section        2  libinit2.o(.ARM.Collect$$libinit$$00000033)
    .ARM.Collect$$libshutdown$$00000000      0x080001a8   Section        2  libshutdown.o(.ARM.Collect$$libshutdown$$00000000)
    .ARM.Collect$$libshutdown$$00000002      0x080001aa   Section        0  libshutdown2.o(.ARM.Collect$$libshutdown$$00000002)
    .ARM.Collect$$libshutdown$$00000004      0x080001aa   Section        0  libshutdown2.o(.ARM.Collect$$libshutdown$$00000004)
    .ARM.Collect$$libshutdown$$00000007      0x080001aa   Section        0  libshutdown2.o(.ARM.Collect$$libshutdown$$00000007)
    .ARM.Collect$$libshutdown$$0000000A      0x080001aa   Section        0  libshutdown2.o(.ARM.Collect$$libshutdown$$0000000A)
    .ARM.Collect$$libshutdown$$0000000C      0x080001aa   Section        0  libshutdown2.o(.ARM.Collect$$libshutdown$$0000000C)
    .ARM.Collect$$libshutdown$$0000000F      0x080001aa   Section        0  libshutdown2.o(.ARM.Collect$$libshutdown$$0000000F)
    .ARM.Collect$$libshutdown$$00000010      0x080001aa   Section        2  libshutdown2.o(.ARM.Collect$$libshutdown$$00000010)
    .ARM.Collect$$rtentry$$00000000          0x080001ac   Section        0  __rtentry.o(.ARM.Collect$$rtentry$$00000000)
    .ARM.Collect$$rtentry$$00000002          0x080001ac   Section        0  __rtentry2.o(.ARM.Collect$$rtentry$$00000002)
    .ARM.Collect$$rtentry$$00000004          0x080001ac   Section        6  __rtentry4.o(.ARM.Collect$$rtentry$$00000004)
    .ARM.Collect$$rtentry$$00000009          0x080001b2   Section        0  __rtentry2.o(.ARM.Collect$$rtentry$$00000009)
    .ARM.Collect$$rtentry$$0000000A          0x080001b2   Section        4  __rtentry2.o(.ARM.Collect$$rtentry$$0000000A)
    .ARM.Collect$$rtentry$$0000000C          0x080001b6   Section        0  __rtentry2.o(.ARM.Collect$$rtentry$$0000000C)
    .ARM.Collect$$rtentry$$0000000D          0x080001b6   Section        8  __rtentry2.o(.ARM.Collect$$rtentry$$0000000D)
    .ARM.Collect$$rtexit$$00000000           0x080001be   Section        2  rtexit.o(.ARM.Collect$$rtexit$$00000000)
    .ARM.Collect$$rtexit$$00000002           0x080001c0   Section        0  rtexit2.o(.ARM.Collect$$rtexit$$00000002)
    .ARM.Collect$$rtexit$$00000003           0x080001c0   Section        4  rtexit2.o(.ARM.Collect$$rtexit$$00000003)
    .ARM.Collect$$rtexit$$00000004           0x080001c4   Section        6  rtexit2.o(.ARM.Collect$$rtexit$$00000004)
    .text                                    0x080001cc   Section       64  startup_stm32f10x_hd.o(.text)
    .text                                    0x0800020c   Section       68  rt_memclr.o(.text)
    .text                                    0x08000250   Section        0  heapauxi.o(.text)
    .text                                    0x08000256   Section       78  rt_memclr_w.o(.text)
    .text                                    0x080002a4   Section       74  sys_stackheap_outer.o(.text)
    .text                                    0x080002ee   Section        0  exit.o(.text)
    .text                                    0x08000300   Section        8  libspace.o(.text)
    .text                                    0x08000308   Section        2  use_no_semi.o(.text)
    .text                                    0x0800030a   Section        0  indicate_semi.o(.text)
    .text                                    0x0800030c   Section        0  sys_exit.o(.text)
    i.ADC_Cmd                                0x08000318   Section        0  stm32f10x_adc.o(i.ADC_Cmd)
    i.ADC_DiscModeChannelCountConfig         0x0800032e   Section        0  stm32f10x_adc.o(i.ADC_DiscModeChannelCountConfig)
    i.ADC_DiscModeCmd                        0x08000346   Section        0  stm32f10x_adc.o(i.ADC_DiscModeCmd)
    i.ADC_GetCalibrationStatus               0x0800035c   Section        0  stm32f10x_adc.o(i.ADC_GetCalibrationStatus)
    i.ADC_GetConversionValue                 0x08000370   Section        0  stm32f10x_adc.o(i.ADC_GetConversionValue)
    i.ADC_GetFlagStatus                      0x08000378   Section        0  stm32f10x_adc.o(i.ADC_GetFlagStatus)
    i.ADC_GetResetCalibrationStatus          0x0800038a   Section        0  stm32f10x_adc.o(i.ADC_GetResetCalibrationStatus)
    i.ADC_Init                               0x080003a0   Section        0  stm32f10x_adc.o(i.ADC_Init)
    i.ADC_RegularChannelConfig               0x080003f0   Section        0  stm32f10x_adc.o(i.ADC_RegularChannelConfig)
    i.ADC_ResetCalibration                   0x080004a8   Section        0  stm32f10x_adc.o(i.ADC_ResetCalibration)
    i.ADC_SoftwareStartConvCmd               0x080004b2   Section        0  stm32f10x_adc.o(i.ADC_SoftwareStartConvCmd)
    i.ADC_StartCalibration                   0x080004c8   Section        0  stm32f10x_adc.o(i.ADC_StartCalibration)
    i.BusFault_Handler                       0x080004d2   Section        0  stm32f10x_it.o(i.BusFault_Handler)
    i.CAN_ClearITPendingBit                  0x080004d8   Section        0  stm32f10x_can.o(i.CAN_ClearITPendingBit)
    i.CAN_DeInit                             0x08000580   Section        0  stm32f10x_can.o(i.CAN_DeInit)
    i.CAN_FilterInit                         0x080005b8   Section        0  stm32f10x_can.o(i.CAN_FilterInit)
    i.CAN_GetITStatus                        0x080006c0   Section        0  stm32f10x_can.o(i.CAN_GetITStatus)
    i.CAN_ITConfig                           0x080007e0   Section        0  stm32f10x_can.o(i.CAN_ITConfig)
    i.CAN_Init                               0x080007f2   Section        0  stm32f10x_can.o(i.CAN_Init)
    i.CAN_Receive                            0x08000906   Section        0  stm32f10x_can.o(i.CAN_Receive)
    i.CAN_StructInit                         0x080009f6   Section        0  stm32f10x_can.o(i.CAN_StructInit)
    i.CAN_Transmit                           0x08000a16   Section        0  stm32f10x_can.o(i.CAN_Transmit)
    i.CAN_TransmitStatus                     0x08000b3c   Section        0  stm32f10x_can.o(i.CAN_TransmitStatus)
    i.CheckITStatus                          0x08000bdc   Section        0  stm32f10x_can.o(i.CheckITStatus)
    CheckITStatus                            0x08000bdd   Thumb Code    18  stm32f10x_can.o(i.CheckITStatus)
    i.Circle_Creat_Buffer                    0x08000bee   Section        0  private.o(i.Circle_Creat_Buffer)
    i.DebugMon_Handler                       0x08000c02   Section        0  stm32f10x_it.o(i.DebugMon_Handler)
    i.EXTI3_IRQHandler                       0x08000c04   Section        0  stm32f10x_it.o(i.EXTI3_IRQHandler)
    i.EXTI4_IRQHandler                       0x08000c18   Section        0  stm32f10x_it.o(i.EXTI4_IRQHandler)
    i.EXTI9_5_IRQHandler                     0x08000c2c   Section        0  stm32f10x_it.o(i.EXTI9_5_IRQHandler)
    i.EXTI_ClearFlag                         0x08000c7c   Section        0  stm32f10x_exti.o(i.EXTI_ClearFlag)
    i.EXTI_DeInit                            0x08000c88   Section        0  stm32f10x_exti.o(i.EXTI_DeInit)
    i.EXTI_GetFlagStatus                     0x08000cac   Section        0  stm32f10x_exti.o(i.EXTI_GetFlagStatus)
    i.EXTI_Init                              0x08000cc4   Section        0  stm32f10x_exti.o(i.EXTI_Init)
    i.Encoder_Init_TIM5                      0x08000d58   Section        0  ocp_timer.o(i.Encoder_Init_TIM5)
    i.GPIO_EXTILineConfig                    0x08000dd4   Section        0  stm32f10x_gpio.o(i.GPIO_EXTILineConfig)
    i.GPIO_Init                              0x08000e14   Section        0  stm32f10x_gpio.o(i.GPIO_Init)
    i.GPIO_PinRemapConfig                    0x08000f2c   Section        0  stm32f10x_gpio.o(i.GPIO_PinRemapConfig)
    i.GPIO_ResetBits                         0x08000fbc   Section        0  stm32f10x_gpio.o(i.GPIO_ResetBits)
    i.GPIO_SetBits                           0x08000fc0   Section        0  stm32f10x_gpio.o(i.GPIO_SetBits)
    i.HardFault_Handler                      0x08000fc4   Section        0  stm32f10x_it.o(i.HardFault_Handler)
    i.MY_NVIC_Init                           0x08000fc8   Section        0  ocp_timer.o(i.MY_NVIC_Init)
    i.MY_NVIC_PriorityGroupConfig            0x08001040   Section        0  ocp_timer.o(i.MY_NVIC_PriorityGroupConfig)
    i.MemManage_Handler                      0x08001068   Section        0  stm32f10x_it.o(i.MemManage_Handler)
    i.NMI_Handler                            0x0800106c   Section        0  stm32f10x_it.o(i.NMI_Handler)
    i.NVIC_Init                              0x08001070   Section        0  misc.o(i.NVIC_Init)
    i.NVIC_PriorityGroupConfig               0x080010e0   Section        0  misc.o(i.NVIC_PriorityGroupConfig)
    i.PendSV_Handler                         0x080010f4   Section        0  stm32f10x_it.o(i.PendSV_Handler)
    i.RCC_ADCCLKConfig                       0x080010f8   Section        0  stm32f10x_rcc.o(i.RCC_ADCCLKConfig)
    i.RCC_APB1PeriphClockCmd                 0x08001110   Section        0  stm32f10x_rcc.o(i.RCC_APB1PeriphClockCmd)
    i.RCC_APB1PeriphResetCmd                 0x08001130   Section        0  stm32f10x_rcc.o(i.RCC_APB1PeriphResetCmd)
    i.RCC_APB2PeriphClockCmd                 0x08001150   Section        0  stm32f10x_rcc.o(i.RCC_APB2PeriphClockCmd)
    i.RCC_GetClocksFreq                      0x08001170   Section        0  stm32f10x_rcc.o(i.RCC_GetClocksFreq)
    i.Read_Encoder                           0x08001244   Section        0  ocp_timer.o(i.Read_Encoder)
    i.SPI_Cmd                                0x0800124c   Section        0  stm32f10x_spi.o(i.SPI_Cmd)
    i.SPI_I2S_GetFlagStatus                  0x08001264   Section        0  stm32f10x_spi.o(i.SPI_I2S_GetFlagStatus)
    i.SPI_I2S_ReceiveData                    0x08001276   Section        0  stm32f10x_spi.o(i.SPI_I2S_ReceiveData)
    i.SPI_I2S_SendData                       0x0800127c   Section        0  stm32f10x_spi.o(i.SPI_I2S_SendData)
    i.SPI_Init                               0x08001280   Section        0  stm32f10x_spi.o(i.SPI_Init)
    i.SVC_Handler                            0x080012bc   Section        0  stm32f10x_it.o(i.SVC_Handler)
    i.SetSysClock                            0x080012be   Section        0  system_stm32f10x.o(i.SetSysClock)
    SetSysClock                              0x080012bf   Thumb Code     8  system_stm32f10x.o(i.SetSysClock)
    i.SetSysClockTo72                        0x080012c8   Section        0  system_stm32f10x.o(i.SetSysClockTo72)
    SetSysClockTo72                          0x080012c9   Thumb Code   214  system_stm32f10x.o(i.SetSysClockTo72)
    i.SysTick_Handler                        0x080013a8   Section        0  stm32f10x_it.o(i.SysTick_Handler)
    i.SystemInit                             0x0800141c   Section        0  system_stm32f10x.o(i.SystemInit)
    i.TIM3_IRQHandler                        0x0800147c   Section        0  stm32f10x_it.o(i.TIM3_IRQHandler)
    i.Timer3_Init                            0x080014c8   Section        0  ocp_timer.o(i.Timer3_Init)
    i.USART1_IRQHandler                      0x08001524   Section        0  stm32f10x_it.o(i.USART1_IRQHandler)
    i.USART3_IRQHandler                      0x080015b4   Section        0  stm32f10x_it.o(i.USART3_IRQHandler)
    i.USART_ClearITPendingBit                0x08001638   Section        0  stm32f10x_usart.o(i.USART_ClearITPendingBit)
    i.USART_Cmd                              0x08001656   Section        0  stm32f10x_usart.o(i.USART_Cmd)
    i.USART_GetFlagStatus                    0x0800166e   Section        0  stm32f10x_usart.o(i.USART_GetFlagStatus)
    i.USART_GetITStatus                      0x08001688   Section        0  stm32f10x_usart.o(i.USART_GetITStatus)
    i.USART_ITConfig                         0x080016dc   Section        0  stm32f10x_usart.o(i.USART_ITConfig)
    i.USART_Init                             0x08001728   Section        0  stm32f10x_usart.o(i.USART_Init)
    i.USART_ReceiveData                      0x08001800   Section        0  stm32f10x_usart.o(i.USART_ReceiveData)
    i.USART_SendData                         0x0800180a   Section        0  stm32f10x_usart.o(i.USART_SendData)
    i.USB_LP_CAN1_RX0_IRQHandler             0x08001814   Section        0  stm32f10x_it.o(i.USB_LP_CAN1_RX0_IRQHandler)
    i.UsageFault_Handler                     0x08001860   Section        0  stm32f10x_it.o(i.UsageFault_Handler)
    i.__NVIC_SetPriority                     0x08001864   Section        0  main.o(i.__NVIC_SetPriority)
    __NVIC_SetPriority                       0x08001865   Thumb Code    32  main.o(i.__NVIC_SetPriority)
    i.adc_NVIC_config                        0x0800188c   Section        0  ocp_adc.o(i.adc_NVIC_config)
    i.adc_config_init                        0x0800188e   Section        0  ocp_adc.o(i.adc_config_init)
    i.adc_gpio_config                        0x080018b0   Section        0  ocp_adc.o(i.adc_gpio_config)
    i.adc_paramter_config                    0x080018dc   Section        0  ocp_adc.o(i.adc_paramter_config)
    i.can1_NVIC_config                       0x08001964   Section        0  ocp_can.o(i.can1_NVIC_config)
    i.can1_gpio_config                       0x08001988   Section        0  ocp_can.o(i.can1_gpio_config)
    i.can1_init                              0x080019d4   Section        0  ocp_can.o(i.can1_init)
    i.can1_parameter_config                  0x080019ec   Section        0  ocp_can.o(i.can1_parameter_config)
    i.can_tx_data_package                    0x08001a84   Section        0  ocp_can.o(i.can_tx_data_package)
    i.close                                  0x08001af6   Section        0  socket.o(i.close)
    i.computer_tempature                     0x08001b2c   Section        0  app_pt100.o(i.computer_tempature)
    i.control_all_on                         0x08001bbc   Section        0  app_gpio.o(i.control_all_on)
    i.control_battery_led                    0x08001c14   Section        0  app_gpio.o(i.control_battery_led)
    i.control_ethernet_led                   0x08001c34   Section        0  app_gpio.o(i.control_ethernet_led)
    i.control_fan1_power                     0x08001c54   Section        0  app_gpio.o(i.control_fan1_power)
    i.control_fan2_power                     0x08001c78   Section        0  app_gpio.o(i.control_fan2_power)
    i.control_imu_power                      0x08001c9c   Section        0  app_gpio.o(i.control_imu_power)
    i.control_left_oas_led                   0x08001cbc   Section        0  app_gpio.o(i.control_left_oas_led)
    i.control_lidar_power                    0x08001ce0   Section        0  app_gpio.o(i.control_lidar_power)
    i.control_motort_enable                  0x08001d04   Section        0  app_gpio.o(i.control_motort_enable)
    i.control_reserved_out1                  0x08001d28   Section        0  app_gpio.o(i.control_reserved_out1)
    i.control_reserved_out2                  0x08001d4c   Section        0  app_gpio.o(i.control_reserved_out2)
    i.control_reserved_out3                  0x08001d70   Section        0  app_gpio.o(i.control_reserved_out3)
    i.control_right_oas_led                  0x08001d94   Section        0  app_gpio.o(i.control_right_oas_led)
    i.control_route_power                    0x08001db8   Section        0  app_gpio.o(i.control_route_power)
    i.control_run_led                        0x08001ddc   Section        0  app_gpio.o(i.control_run_led)
    i.delay_us                               0x08001dfc   Section        0  private.o(i.delay_us)
    i.do_tcp_server                          0x08001e40   Section        0  app_tcp.o(i.do_tcp_server)
    i.getIINCHIP_TxMAX                       0x08001ebc   Section        0  w5500_config.o(i.getIINCHIP_TxMAX)
    i.getSHAR                                0x08001ecc   Section        0  w5500_config.o(i.getSHAR)
    i.getSIPR                                0x08001ede   Section        0  w5500_config.o(i.getSIPR)
    i.getSn_IR                               0x08001ef0   Section        0  w5500_config.o(i.getSn_IR)
    i.getSn_RX_RSR                           0x08001f02   Section        0  w5500_config.o(i.getSn_RX_RSR)
    i.getSn_SR                               0x08001f56   Section        0  w5500_config.o(i.getSn_SR)
    i.getSn_TX_FSR                           0x08001f68   Section        0  w5500_config.o(i.getSn_TX_FSR)
    i.get_adc_value                          0x08001fbc   Section        0  ocp_adc.o(i.get_adc_value)
    i.gpio_NIVC_config                       0x08002004   Section        0  ocp_gpio.o(i.gpio_NIVC_config)
    i.gpio_config_init                       0x08002088   Section        0  ocp_gpio.o(i.gpio_config_init)
    i.gpio_exti_config                       0x080020ac   Section        0  ocp_gpio.o(i.gpio_exti_config)
    i.gpio_paramter_config                   0x08002120   Section        0  ocp_gpio.o(i.gpio_paramter_config)
    i.gpio_toggle_pin                        0x08002208   Section        0  ocp_gpio.o(i.gpio_toggle_pin)
    i.listen                                 0x08002210   Section        0  socket.o(i.listen)
    i.main                                   0x08002250   Section        0  main.o(i.main)
    i.recv                                   0x080023e8   Section        0  socket.o(i.recv)
    i.recv_data_processing                   0x0800242a   Section        0  w5500_config.o(i.recv_data_processing)
    i.rs485_select_tx_rx                     0x08002498   Section        0  ocp_uart.o(i.rs485_select_tx_rx)
    i.send                                   0x080024bc   Section        0  socket.o(i.send)
    i.send_data_processing                   0x0800258e   Section        0  w5500_config.o(i.send_data_processing)
    i.setSHAR                                0x080025fa   Section        0  w5500_config.o(i.setSHAR)
    i.setSIPR                                0x0800260c   Section        0  w5500_config.o(i.setSIPR)
    i.setSn_IR                               0x0800261e   Section        0  w5500_config.o(i.setSn_IR)
    i.socket                                 0x08002634   Section        0  socket.o(i.socket)
    i.socket_buf_init                        0x080026f8   Section        0  w5500_config.o(i.socket_buf_init)
    i.spi1_NVIC_config                       0x08002780   Section        0  ocp_spi.o(i.spi1_NVIC_config)
    spi1_NVIC_config                         0x08002781   Thumb Code     2  ocp_spi.o(i.spi1_NVIC_config)
    i.spi1_gpio_config                       0x08002784   Section        0  ocp_spi.o(i.spi1_gpio_config)
    spi1_gpio_config                         0x08002785   Thumb Code    84  ocp_spi.o(i.spi1_gpio_config)
    i.spi1_init                              0x080027dc   Section        0  ocp_spi.o(i.spi1_init)
    i.spi1_parameter_config                  0x080027f4   Section        0  ocp_spi.o(i.spi1_parameter_config)
    spi1_parameter_config                    0x080027f5   Thumb Code    80  ocp_spi.o(i.spi1_parameter_config)
    i.spi_send_get_data                      0x08002848   Section        0  ocp_spi.o(i.spi_send_get_data)
    i.system_setup                           0x080028bc   Section        0  main.o(i.system_setup)
    system_setup                             0x080028bd   Thumb Code   110  main.o(i.system_setup)
    i.task_uart_rx                           0x0800292c   Section        0  app_uart.o(i.task_uart_rx)
    i.task_uart_rx_init                      0x08002960   Section        0  app_uart.o(i.task_uart_rx_init)
    i.uart_init                              0x080029b8   Section        0  ocp_uart.o(i.uart_init)
    i.usart1_NVIC_config                     0x080029c4   Section        0  ocp_uart.o(i.usart1_NVIC_config)
    usart1_NVIC_config                       0x080029c5   Thumb Code    40  ocp_uart.o(i.usart1_NVIC_config)
    i.usart1_gpio_config                     0x080029ec   Section        0  ocp_uart.o(i.usart1_gpio_config)
    usart1_gpio_config                       0x080029ed   Thumb Code    70  ocp_uart.o(i.usart1_gpio_config)
    i.usart1_init                            0x08002a38   Section        0  ocp_uart.o(i.usart1_init)
    usart1_init                              0x08002a39   Thumb Code    24  ocp_uart.o(i.usart1_init)
    i.usart1_parameter_config                0x08002a50   Section        0  ocp_uart.o(i.usart1_parameter_config)
    usart1_parameter_config                  0x08002a51   Thumb Code    76  ocp_uart.o(i.usart1_parameter_config)
    i.usart3_NVIC_config                     0x08002aa0   Section        0  ocp_uart.o(i.usart3_NVIC_config)
    usart3_NVIC_config                       0x08002aa1   Thumb Code    40  ocp_uart.o(i.usart3_NVIC_config)
    i.usart3_gpio_config                     0x08002ac8   Section        0  ocp_uart.o(i.usart3_gpio_config)
    usart3_gpio_config                       0x08002ac9   Thumb Code    62  ocp_uart.o(i.usart3_gpio_config)
    i.usart3_init                            0x08002b0c   Section        0  ocp_uart.o(i.usart3_init)
    usart3_init                              0x08002b0d   Thumb Code    24  ocp_uart.o(i.usart3_init)
    i.usart3_parameter_config                0x08002b24   Section        0  ocp_uart.o(i.usart3_parameter_config)
    usart3_parameter_config                  0x08002b25   Thumb Code    76  ocp_uart.o(i.usart3_parameter_config)
    i.w5500_config_ip                        0x08002b74   Section        0  bfm_w5500.o(i.w5500_config_ip)
    i.w5500_config_macAddress                0x08002b8e   Section        0  bfm_w5500.o(i.w5500_config_macAddress)
    i.w5500_read_buf                         0x08002ba8   Section        0  bfm_w5500.o(i.w5500_read_buf)
    i.w5500_read_byte                        0x08002c00   Section        0  bfm_w5500.o(i.w5500_read_byte)
    i.w5500_restart                          0x08002c48   Section        0  bfm_w5500.o(i.w5500_restart)
    i.w5500_write_buf                        0x08002c70   Section        0  bfm_w5500.o(i.w5500_write_buf)
    i.w5500_write_byte                       0x08002ccc   Section        0  bfm_w5500.o(i.w5500_write_byte)
    .data                                    0x20000000   Section       20  stm32f10x_rcc.o(.data)
    APBAHBPrescTable                         0x20000000   Data          16  stm32f10x_rcc.o(.data)
    ADCPrescTable                            0x20000010   Data           4  stm32f10x_rcc.o(.data)
    .data                                    0x20000014   Section       12  main.o(.data)
    .data                                    0x20000020   Section       15  task.o(.data)
    .data                                    0x20000030   Section        2  socket.o(.data)
    .data                                    0x20000032   Section       16  w5500_config.o(.data)
    .bss                                     0x20000044   Section      400  main.o(.bss)
    .bss                                     0x200001d4   Section     1000  app_tcp.o(.bss)
    .bss                                     0x200005bc   Section     8626  task.o(.bss)
    .bss                                     0x2000276e   Section       32  w5500_config.o(.bss)
    .bss                                     0x20002790   Section       96  libspace.o(.bss)
    HEAP                                     0x200027f0   Section      512  startup_stm32f10x_hd.o(HEAP)
    Heap_Mem                                 0x200027f0   Data         512  startup_stm32f10x_hd.o(HEAP)
    STACK                                    0x200029f0   Section     1024  startup_stm32f10x_hd.o(STACK)
    Stack_Mem                                0x200029f0   Data        1024  startup_stm32f10x_hd.o(STACK)
    __initial_sp                             0x20002df0   Data           0  startup_stm32f10x_hd.o(STACK)

    Global Symbols

    Symbol Name                              Value     Ov Type        Size  Object(Section)

    BuildAttributes$$THM_ISAv4$P$D$K$B$S$PE$A:L22UL41UL21$X:L11$S22US41US21$IEEE1$IW$USESV6$~STKCKD$USESV7$~SHL$OTIME$ROPI$EBA8$UX$STANDARDLIB$REQ8$PRES8$EABIv2 0x00000000   Number         0  anon$$obj.o ABSOLUTE
    __ARM_use_no_argv                        0x00000000   Number         0  main.o ABSOLUTE
    __ARM_exceptions_init                     - Undefined Weak Reference
    __alloca_initialize                       - Undefined Weak Reference
    __arm_preinit_                            - Undefined Weak Reference
    __cpp_initialize__aeabi_                  - Undefined Weak Reference
    __cxa_finalize                            - Undefined Weak Reference
    __rt_locale                               - Undefined Weak Reference
    __sigvec_lookup                           - Undefined Weak Reference
    __user_heap_extent                        - Undefined Weak Reference
    _atexit_init                              - Undefined Weak Reference
    _call_atexit_fns                          - Undefined Weak Reference
    _clock_init                               - Undefined Weak Reference
    _fp_trap_init                             - Undefined Weak Reference
    _fp_trap_shutdown                         - Undefined Weak Reference
    _get_lc_collate                           - Undefined Weak Reference
    _get_lc_ctype                             - Undefined Weak Reference
    _get_lc_monetary                          - Undefined Weak Reference
    _get_lc_numeric                           - Undefined Weak Reference
    _get_lc_time                              - Undefined Weak Reference
    _getenv_init                              - Undefined Weak Reference
    _handle_redirection                       - Undefined Weak Reference
    _mutex_acquire                            - Undefined Weak Reference
    _mutex_free                               - Undefined Weak Reference
    _mutex_release                            - Undefined Weak Reference
    _printf_post_padding                      - Undefined Weak Reference
    _printf_pre_padding                       - Undefined Weak Reference
    _printf_truncate_signed                   - Undefined Weak Reference
    _printf_truncate_unsigned                 - Undefined Weak Reference
    _rand_init                                - Undefined Weak Reference
    _signal_finish                            - Undefined Weak Reference
    _signal_init                              - Undefined Weak Reference
    __Vectors_Size                           0x00000130   Number         0  startup_stm32f10x_hd.o ABSOLUTE
    __Vectors                                0x08000000   Data           4  startup_stm32f10x_hd.o(RESET)
    __Vectors_End                            0x08000130   Data           0  startup_stm32f10x_hd.o(RESET)
    __main                                   0x08000131   Thumb Code     8  __main.o(!!!main)
    __scatterload                            0x08000139   Thumb Code     0  __scatter.o(!!!scatter)
    __scatterload_rt2                        0x08000139   Thumb Code    44  __scatter.o(!!!scatter)
    __scatterload_rt2_thumb_only             0x08000139   Thumb Code     0  __scatter.o(!!!scatter)
    __scatterload_null                       0x08000147   Thumb Code     0  __scatter.o(!!!scatter)
    __scatterload_copy                       0x0800016d   Thumb Code    26  __scatter_copy.o(!!handler_copy)
    __scatterload_zeroinit                   0x08000189   Thumb Code    28  __scatter_zi.o(!!handler_zi)
    __rt_lib_init                            0x080001a5   Thumb Code     0  libinit.o(.ARM.Collect$$libinit$$00000000)
    __rt_lib_init_alloca_1                   0x080001a7   Thumb Code     0  libinit2.o(.ARM.Collect$$libinit$$0000002E)
    __rt_lib_init_argv_1                     0x080001a7   Thumb Code     0  libinit2.o(.ARM.Collect$$libinit$$0000002C)
    __rt_lib_init_atexit_1                   0x080001a7   Thumb Code     0  libinit2.o(.ARM.Collect$$libinit$$0000001B)
    __rt_lib_init_clock_1                    0x080001a7   Thumb Code     0  libinit2.o(.ARM.Collect$$libinit$$00000021)
    __rt_lib_init_cpp_1                      0x080001a7   Thumb Code     0  libinit2.o(.ARM.Collect$$libinit$$00000032)
    __rt_lib_init_exceptions_1               0x080001a7   Thumb Code     0  libinit2.o(.ARM.Collect$$libinit$$00000030)
    __rt_lib_init_fp_1                       0x080001a7   Thumb Code     0  libinit2.o(.ARM.Collect$$libinit$$00000002)
    __rt_lib_init_fp_trap_1                  0x080001a7   Thumb Code     0  libinit2.o(.ARM.Collect$$libinit$$0000001F)
    __rt_lib_init_getenv_1                   0x080001a7   Thumb Code     0  libinit2.o(.ARM.Collect$$libinit$$00000023)
    __rt_lib_init_heap_1                     0x080001a7   Thumb Code     0  libinit2.o(.ARM.Collect$$libinit$$0000000A)
    __rt_lib_init_lc_collate_1               0x080001a7   Thumb Code     0  libinit2.o(.ARM.Collect$$libinit$$00000011)
    __rt_lib_init_lc_ctype_1                 0x080001a7   Thumb Code     0  libinit2.o(.ARM.Collect$$libinit$$00000013)
    __rt_lib_init_lc_monetary_1              0x080001a7   Thumb Code     0  libinit2.o(.ARM.Collect$$libinit$$00000015)
    __rt_lib_init_lc_numeric_1               0x080001a7   Thumb Code     0  libinit2.o(.ARM.Collect$$libinit$$00000017)
    __rt_lib_init_lc_time_1                  0x080001a7   Thumb Code     0  libinit2.o(.ARM.Collect$$libinit$$00000019)
    __rt_lib_init_preinit_1                  0x080001a7   Thumb Code     0  libinit2.o(.ARM.Collect$$libinit$$00000004)
    __rt_lib_init_rand_1                     0x080001a7   Thumb Code     0  libinit2.o(.ARM.Collect$$libinit$$0000000E)
    __rt_lib_init_return                     0x080001a7   Thumb Code     0  libinit2.o(.ARM.Collect$$libinit$$00000033)
    __rt_lib_init_signal_1                   0x080001a7   Thumb Code     0  libinit2.o(.ARM.Collect$$libinit$$0000001D)
    __rt_lib_init_stdio_1                    0x080001a7   Thumb Code     0  libinit2.o(.ARM.Collect$$libinit$$00000025)
    __rt_lib_init_user_alloc_1               0x080001a7   Thumb Code     0  libinit2.o(.ARM.Collect$$libinit$$0000000C)
    __rt_lib_shutdown                        0x080001a9   Thumb Code     0  libshutdown.o(.ARM.Collect$$libshutdown$$00000000)
    __rt_lib_shutdown_cpp_1                  0x080001ab   Thumb Code     0  libshutdown2.o(.ARM.Collect$$libshutdown$$00000002)
    __rt_lib_shutdown_fp_trap_1              0x080001ab   Thumb Code     0  libshutdown2.o(.ARM.Collect$$libshutdown$$00000007)
    __rt_lib_shutdown_heap_1                 0x080001ab   Thumb Code     0  libshutdown2.o(.ARM.Collect$$libshutdown$$0000000F)
    __rt_lib_shutdown_return                 0x080001ab   Thumb Code     0  libshutdown2.o(.ARM.Collect$$libshutdown$$00000010)
    __rt_lib_shutdown_signal_1               0x080001ab   Thumb Code     0  libshutdown2.o(.ARM.Collect$$libshutdown$$0000000A)
    __rt_lib_shutdown_stdio_1                0x080001ab   Thumb Code     0  libshutdown2.o(.ARM.Collect$$libshutdown$$00000004)
    __rt_lib_shutdown_user_alloc_1           0x080001ab   Thumb Code     0  libshutdown2.o(.ARM.Collect$$libshutdown$$0000000C)
    __rt_entry                               0x080001ad   Thumb Code     0  __rtentry.o(.ARM.Collect$$rtentry$$00000000)
    __rt_entry_presh_1                       0x080001ad   Thumb Code     0  __rtentry2.o(.ARM.Collect$$rtentry$$00000002)
    __rt_entry_sh                            0x080001ad   Thumb Code     0  __rtentry4.o(.ARM.Collect$$rtentry$$00000004)
    __rt_entry_li                            0x080001b3   Thumb Code     0  __rtentry2.o(.ARM.Collect$$rtentry$$0000000A)
    __rt_entry_postsh_1                      0x080001b3   Thumb Code     0  __rtentry2.o(.ARM.Collect$$rtentry$$00000009)
    __rt_entry_main                          0x080001b7   Thumb Code     0  __rtentry2.o(.ARM.Collect$$rtentry$$0000000D)
    __rt_entry_postli_1                      0x080001b7   Thumb Code     0  __rtentry2.o(.ARM.Collect$$rtentry$$0000000C)
    __rt_exit                                0x080001bf   Thumb Code     0  rtexit.o(.ARM.Collect$$rtexit$$00000000)
    __rt_exit_ls                             0x080001c1   Thumb Code     0  rtexit2.o(.ARM.Collect$$rtexit$$00000003)
    __rt_exit_prels_1                        0x080001c1   Thumb Code     0  rtexit2.o(.ARM.Collect$$rtexit$$00000002)
    __rt_exit_exit                           0x080001c5   Thumb Code     0  rtexit2.o(.ARM.Collect$$rtexit$$00000004)
    Reset_Handler                            0x080001cd   Thumb Code     8  startup_stm32f10x_hd.o(.text)
    ADC1_2_IRQHandler                        0x080001e7   Thumb Code     0  startup_stm32f10x_hd.o(.text)
    ADC3_IRQHandler                          0x080001e7   Thumb Code     0  startup_stm32f10x_hd.o(.text)
    CAN1_RX1_IRQHandler                      0x080001e7   Thumb Code     0  startup_stm32f10x_hd.o(.text)
    CAN1_SCE_IRQHandler                      0x080001e7   Thumb Code     0  startup_stm32f10x_hd.o(.text)
    DMA1_Channel1_IRQHandler                 0x080001e7   Thumb Code     0  startup_stm32f10x_hd.o(.text)
    DMA1_Channel2_IRQHandler                 0x080001e7   Thumb Code     0  startup_stm32f10x_hd.o(.text)
    DMA1_Channel3_IRQHandler                 0x080001e7   Thumb Code     0  startup_stm32f10x_hd.o(.text)
    DMA1_Channel4_IRQHandler                 0x080001e7   Thumb Code     0  startup_stm32f10x_hd.o(.text)
    DMA1_Channel5_IRQHandler                 0x080001e7   Thumb Code     0  startup_stm32f10x_hd.o(.text)
    DMA1_Channel6_IRQHandler                 0x080001e7   Thumb Code     0  startup_stm32f10x_hd.o(.text)
    DMA1_Channel7_IRQHandler                 0x080001e7   Thumb Code     0  startup_stm32f10x_hd.o(.text)
    DMA2_Channel1_IRQHandler                 0x080001e7   Thumb Code     0  startup_stm32f10x_hd.o(.text)
    DMA2_Channel2_IRQHandler                 0x080001e7   Thumb Code     0  startup_stm32f10x_hd.o(.text)
    DMA2_Channel3_IRQHandler                 0x080001e7   Thumb Code     0  startup_stm32f10x_hd.o(.text)
    DMA2_Channel4_5_IRQHandler               0x080001e7   Thumb Code     0  startup_stm32f10x_hd.o(.text)
    EXTI0_IRQHandler                         0x080001e7   Thumb Code     0  startup_stm32f10x_hd.o(.text)
    EXTI15_10_IRQHandler                     0x080001e7   Thumb Code     0  startup_stm32f10x_hd.o(.text)
    EXTI1_IRQHandler                         0x080001e7   Thumb Code     0  startup_stm32f10x_hd.o(.text)
    EXTI2_IRQHandler                         0x080001e7   Thumb Code     0  startup_stm32f10x_hd.o(.text)
    FLASH_IRQHandler                         0x080001e7   Thumb Code     0  startup_stm32f10x_hd.o(.text)
    FSMC_IRQHandler                          0x080001e7   Thumb Code     0  startup_stm32f10x_hd.o(.text)
    I2C1_ER_IRQHandler                       0x080001e7   Thumb Code     0  startup_stm32f10x_hd.o(.text)
    I2C1_EV_IRQHandler                       0x080001e7   Thumb Code     0  startup_stm32f10x_hd.o(.text)
    I2C2_ER_IRQHandler                       0x080001e7   Thumb Code     0  startup_stm32f10x_hd.o(.text)
    I2C2_EV_IRQHandler                       0x080001e7   Thumb Code     0  startup_stm32f10x_hd.o(.text)
    PVD_IRQHandler                           0x080001e7   Thumb Code     0  startup_stm32f10x_hd.o(.text)
    RCC_IRQHandler                           0x080001e7   Thumb Code     0  startup_stm32f10x_hd.o(.text)
    RTCAlarm_IRQHandler                      0x080001e7   Thumb Code     0  startup_stm32f10x_hd.o(.text)
    RTC_IRQHandler                           0x080001e7   Thumb Code     0  startup_stm32f10x_hd.o(.text)
    SDIO_IRQHandler                          0x080001e7   Thumb Code     0  startup_stm32f10x_hd.o(.text)
    SPI1_IRQHandler                          0x080001e7   Thumb Code     0  startup_stm32f10x_hd.o(.text)
    SPI2_IRQHandler                          0x080001e7   Thumb Code     0  startup_stm32f10x_hd.o(.text)
    SPI3_IRQHandler                          0x080001e7   Thumb Code     0  startup_stm32f10x_hd.o(.text)
    TAMPER_IRQHandler                        0x080001e7   Thumb Code     0  startup_stm32f10x_hd.o(.text)
    TIM1_BRK_IRQHandler                      0x080001e7   Thumb Code     0  startup_stm32f10x_hd.o(.text)
    TIM1_CC_IRQHandler                       0x080001e7   Thumb Code     0  startup_stm32f10x_hd.o(.text)
    TIM1_TRG_COM_IRQHandler                  0x080001e7   Thumb Code     0  startup_stm32f10x_hd.o(.text)
    TIM1_UP_IRQHandler                       0x080001e7   Thumb Code     0  startup_stm32f10x_hd.o(.text)
    TIM2_IRQHandler                          0x080001e7   Thumb Code     0  startup_stm32f10x_hd.o(.text)
    TIM4_IRQHandler                          0x080001e7   Thumb Code     0  startup_stm32f10x_hd.o(.text)
    TIM5_IRQHandler                          0x080001e7   Thumb Code     0  startup_stm32f10x_hd.o(.text)
    TIM6_IRQHandler                          0x080001e7   Thumb Code     0  startup_stm32f10x_hd.o(.text)
    TIM7_IRQHandler                          0x080001e7   Thumb Code     0  startup_stm32f10x_hd.o(.text)
    TIM8_BRK_IRQHandler                      0x080001e7   Thumb Code     0  startup_stm32f10x_hd.o(.text)
    TIM8_CC_IRQHandler                       0x080001e7   Thumb Code     0  startup_stm32f10x_hd.o(.text)
    TIM8_TRG_COM_IRQHandler                  0x080001e7   Thumb Code     0  startup_stm32f10x_hd.o(.text)
    TIM8_UP_IRQHandler                       0x080001e7   Thumb Code     0  startup_stm32f10x_hd.o(.text)
    UART4_IRQHandler                         0x080001e7   Thumb Code     0  startup_stm32f10x_hd.o(.text)
    UART5_IRQHandler                         0x080001e7   Thumb Code     0  startup_stm32f10x_hd.o(.text)
    USART2_IRQHandler                        0x080001e7   Thumb Code     0  startup_stm32f10x_hd.o(.text)
    USBWakeUp_IRQHandler                     0x080001e7   Thumb Code     0  startup_stm32f10x_hd.o(.text)
    USB_HP_CAN1_TX_IRQHandler                0x080001e7   Thumb Code     0  startup_stm32f10x_hd.o(.text)
    WWDG_IRQHandler                          0x080001e7   Thumb Code     0  startup_stm32f10x_hd.o(.text)
    __user_initial_stackheap                 0x080001e9   Thumb Code     0  startup_stm32f10x_hd.o(.text)
    __aeabi_memclr                           0x0800020d   Thumb Code     0  rt_memclr.o(.text)
    __rt_memclr                              0x0800020d   Thumb Code    68  rt_memclr.o(.text)
    _memset                                  0x08000211   Thumb Code     0  rt_memclr.o(.text)
    __use_two_region_memory                  0x08000251   Thumb Code     2  heapauxi.o(.text)
    __rt_heap_escrow                         0x08000253   Thumb Code     2  heapauxi.o(.text)
    __rt_heap_expand                         0x08000255   Thumb Code     2  heapauxi.o(.text)
    __aeabi_memclr4                          0x08000257   Thumb Code     0  rt_memclr_w.o(.text)
    __aeabi_memclr8                          0x08000257   Thumb Code     0  rt_memclr_w.o(.text)
    __rt_memclr_w                            0x08000257   Thumb Code    78  rt_memclr_w.o(.text)
    _memset_w                                0x0800025b   Thumb Code     0  rt_memclr_w.o(.text)
    __user_setup_stackheap                   0x080002a5   Thumb Code    74  sys_stackheap_outer.o(.text)
    exit                                     0x080002ef   Thumb Code    18  exit.o(.text)
    __user_libspace                          0x08000301   Thumb Code     8  libspace.o(.text)
    __user_perproc_libspace                  0x08000301   Thumb Code     0  libspace.o(.text)
    __user_perthread_libspace                0x08000301   Thumb Code     0  libspace.o(.text)
    __I$use$semihosting                      0x08000309   Thumb Code     0  use_no_semi.o(.text)
    __use_no_semihosting_swi                 0x08000309   Thumb Code     2  use_no_semi.o(.text)
    __semihosting_library_function           0x0800030b   Thumb Code     0  indicate_semi.o(.text)
    _sys_exit                                0x0800030d   Thumb Code     8  sys_exit.o(.text)
    ADC_Cmd                                  0x08000319   Thumb Code    22  stm32f10x_adc.o(i.ADC_Cmd)
    ADC_DiscModeChannelCountConfig           0x0800032f   Thumb Code    24  stm32f10x_adc.o(i.ADC_DiscModeChannelCountConfig)
    ADC_DiscModeCmd                          0x08000347   Thumb Code    22  stm32f10x_adc.o(i.ADC_DiscModeCmd)
    ADC_GetCalibrationStatus                 0x0800035d   Thumb Code    20  stm32f10x_adc.o(i.ADC_GetCalibrationStatus)
    ADC_GetConversionValue                   0x08000371   Thumb Code     8  stm32f10x_adc.o(i.ADC_GetConversionValue)
    ADC_GetFlagStatus                        0x08000379   Thumb Code    18  stm32f10x_adc.o(i.ADC_GetFlagStatus)
    ADC_GetResetCalibrationStatus            0x0800038b   Thumb Code    20  stm32f10x_adc.o(i.ADC_GetResetCalibrationStatus)
    ADC_Init                                 0x080003a1   Thumb Code    70  stm32f10x_adc.o(i.ADC_Init)
    ADC_RegularChannelConfig                 0x080003f1   Thumb Code   184  stm32f10x_adc.o(i.ADC_RegularChannelConfig)
    ADC_ResetCalibration                     0x080004a9   Thumb Code    10  stm32f10x_adc.o(i.ADC_ResetCalibration)
    ADC_SoftwareStartConvCmd                 0x080004b3   Thumb Code    22  stm32f10x_adc.o(i.ADC_SoftwareStartConvCmd)
    ADC_StartCalibration                     0x080004c9   Thumb Code    10  stm32f10x_adc.o(i.ADC_StartCalibration)
    BusFault_Handler                         0x080004d3   Thumb Code     4  stm32f10x_it.o(i.BusFault_Handler)
    CAN_ClearITPendingBit                    0x080004d9   Thumb Code   162  stm32f10x_can.o(i.CAN_ClearITPendingBit)
    CAN_DeInit                               0x08000581   Thumb Code    50  stm32f10x_can.o(i.CAN_DeInit)
    CAN_FilterInit                           0x080005b9   Thumb Code   258  stm32f10x_can.o(i.CAN_FilterInit)
    CAN_GetITStatus                          0x080006c1   Thumb Code   284  stm32f10x_can.o(i.CAN_GetITStatus)
    CAN_ITConfig                             0x080007e1   Thumb Code    18  stm32f10x_can.o(i.CAN_ITConfig)
    CAN_Init                                 0x080007f3   Thumb Code   276  stm32f10x_can.o(i.CAN_Init)
    CAN_Receive                              0x08000907   Thumb Code   240  stm32f10x_can.o(i.CAN_Receive)
    CAN_StructInit                           0x080009f7   Thumb Code    32  stm32f10x_can.o(i.CAN_StructInit)
    CAN_Transmit                             0x08000a17   Thumb Code   294  stm32f10x_can.o(i.CAN_Transmit)
    CAN_TransmitStatus                       0x08000b3d   Thumb Code   138  stm32f10x_can.o(i.CAN_TransmitStatus)
    Circle_Creat_Buffer                      0x08000bef   Thumb Code    20  private.o(i.Circle_Creat_Buffer)
    DebugMon_Handler                         0x08000c03   Thumb Code     2  stm32f10x_it.o(i.DebugMon_Handler)
    EXTI3_IRQHandler                         0x08000c05   Thumb Code    20  stm32f10x_it.o(i.EXTI3_IRQHandler)
    EXTI4_IRQHandler                         0x08000c19   Thumb Code    20  stm32f10x_it.o(i.EXTI4_IRQHandler)
    EXTI9_5_IRQHandler                       0x08000c2d   Thumb Code    78  stm32f10x_it.o(i.EXTI9_5_IRQHandler)
    EXTI_ClearFlag                           0x08000c7d   Thumb Code     6  stm32f10x_exti.o(i.EXTI_ClearFlag)
    EXTI_DeInit                              0x08000c89   Thumb Code    28  stm32f10x_exti.o(i.EXTI_DeInit)
    EXTI_GetFlagStatus                       0x08000cad   Thumb Code    20  stm32f10x_exti.o(i.EXTI_GetFlagStatus)
    EXTI_Init                                0x08000cc5   Thumb Code   142  stm32f10x_exti.o(i.EXTI_Init)
    Encoder_Init_TIM5                        0x08000d59   Thumb Code   116  ocp_timer.o(i.Encoder_Init_TIM5)
    GPIO_EXTILineConfig                      0x08000dd5   Thumb Code    60  stm32f10x_gpio.o(i.GPIO_EXTILineConfig)
    GPIO_Init                                0x08000e15   Thumb Code   278  stm32f10x_gpio.o(i.GPIO_Init)
    GPIO_PinRemapConfig                      0x08000f2d   Thumb Code   138  stm32f10x_gpio.o(i.GPIO_PinRemapConfig)
    GPIO_ResetBits                           0x08000fbd   Thumb Code     4  stm32f10x_gpio.o(i.GPIO_ResetBits)
    GPIO_SetBits                             0x08000fc1   Thumb Code     4  stm32f10x_gpio.o(i.GPIO_SetBits)
    HardFault_Handler                        0x08000fc5   Thumb Code     4  stm32f10x_it.o(i.HardFault_Handler)
    MY_NVIC_Init                             0x08000fc9   Thumb Code   116  ocp_timer.o(i.MY_NVIC_Init)
    MY_NVIC_PriorityGroupConfig              0x08001041   Thumb Code    32  ocp_timer.o(i.MY_NVIC_PriorityGroupConfig)
    MemManage_Handler                        0x08001069   Thumb Code     4  stm32f10x_it.o(i.MemManage_Handler)
    NMI_Handler                              0x0800106d   Thumb Code     2  stm32f10x_it.o(i.NMI_Handler)
    NVIC_Init                                0x08001071   Thumb Code   100  misc.o(i.NVIC_Init)
    NVIC_PriorityGroupConfig                 0x080010e1   Thumb Code    10  misc.o(i.NVIC_PriorityGroupConfig)
    PendSV_Handler                           0x080010f5   Thumb Code     2  stm32f10x_it.o(i.PendSV_Handler)
    RCC_ADCCLKConfig                         0x080010f9   Thumb Code    18  stm32f10x_rcc.o(i.RCC_ADCCLKConfig)
    RCC_APB1PeriphClockCmd                   0x08001111   Thumb Code    26  stm32f10x_rcc.o(i.RCC_APB1PeriphClockCmd)
    RCC_APB1PeriphResetCmd                   0x08001131   Thumb Code    26  stm32f10x_rcc.o(i.RCC_APB1PeriphResetCmd)
    RCC_APB2PeriphClockCmd                   0x08001151   Thumb Code    26  stm32f10x_rcc.o(i.RCC_APB2PeriphClockCmd)
    RCC_GetClocksFreq                        0x08001171   Thumb Code   192  stm32f10x_rcc.o(i.RCC_GetClocksFreq)
    Read_Encoder                             0x08001245   Thumb Code     8  ocp_timer.o(i.Read_Encoder)
    SPI_Cmd                                  0x0800124d   Thumb Code    24  stm32f10x_spi.o(i.SPI_Cmd)
    SPI_I2S_GetFlagStatus                    0x08001265   Thumb Code    18  stm32f10x_spi.o(i.SPI_I2S_GetFlagStatus)
    SPI_I2S_ReceiveData                      0x08001277   Thumb Code     6  stm32f10x_spi.o(i.SPI_I2S_ReceiveData)
    SPI_I2S_SendData                         0x0800127d   Thumb Code     4  stm32f10x_spi.o(i.SPI_I2S_SendData)
    SPI_Init                                 0x08001281   Thumb Code    60  stm32f10x_spi.o(i.SPI_Init)
    SVC_Handler                              0x080012bd   Thumb Code     2  stm32f10x_it.o(i.SVC_Handler)
    SysTick_Handler                          0x080013a9   Thumb Code   102  stm32f10x_it.o(i.SysTick_Handler)
    SystemInit                               0x0800141d   Thumb Code    78  system_stm32f10x.o(i.SystemInit)
    TIM3_IRQHandler                          0x0800147d   Thumb Code    62  stm32f10x_it.o(i.TIM3_IRQHandler)
    Timer3_Init                              0x080014c9   Thumb Code    84  ocp_timer.o(i.Timer3_Init)
    USART1_IRQHandler                        0x08001525   Thumb Code   136  stm32f10x_it.o(i.USART1_IRQHandler)
    USART3_IRQHandler                        0x080015b5   Thumb Code   122  stm32f10x_it.o(i.USART3_IRQHandler)
    USART_ClearITPendingBit                  0x08001639   Thumb Code    30  stm32f10x_usart.o(i.USART_ClearITPendingBit)
    USART_Cmd                                0x08001657   Thumb Code    24  stm32f10x_usart.o(i.USART_Cmd)
    USART_GetFlagStatus                      0x0800166f   Thumb Code    26  stm32f10x_usart.o(i.USART_GetFlagStatus)
    USART_GetITStatus                        0x08001689   Thumb Code    84  stm32f10x_usart.o(i.USART_GetITStatus)
    USART_ITConfig                           0x080016dd   Thumb Code    74  stm32f10x_usart.o(i.USART_ITConfig)
    USART_Init                               0x08001729   Thumb Code   210  stm32f10x_usart.o(i.USART_Init)
    USART_ReceiveData                        0x08001801   Thumb Code    10  stm32f10x_usart.o(i.USART_ReceiveData)
    USART_SendData                           0x0800180b   Thumb Code     8  stm32f10x_usart.o(i.USART_SendData)
    USB_LP_CAN1_RX0_IRQHandler               0x08001815   Thumb Code    66  stm32f10x_it.o(i.USB_LP_CAN1_RX0_IRQHandler)
    UsageFault_Handler                       0x08001861   Thumb Code     4  stm32f10x_it.o(i.UsageFault_Handler)
    adc_NVIC_config                          0x0800188d   Thumb Code     2  ocp_adc.o(i.adc_NVIC_config)
    adc_config_init                          0x0800188f   Thumb Code    32  ocp_adc.o(i.adc_config_init)
    adc_gpio_config                          0x080018b1   Thumb Code    38  ocp_adc.o(i.adc_gpio_config)
    adc_paramter_config                      0x080018dd   Thumb Code   132  ocp_adc.o(i.adc_paramter_config)
    can1_NVIC_config                         0x08001965   Thumb Code    34  ocp_can.o(i.can1_NVIC_config)
    can1_gpio_config                         0x08001989   Thumb Code    72  ocp_can.o(i.can1_gpio_config)
    can1_init                                0x080019d5   Thumb Code    24  ocp_can.o(i.can1_init)
    can1_parameter_config                    0x080019ed   Thumb Code   146  ocp_can.o(i.can1_parameter_config)
    can_tx_data_package                      0x08001a85   Thumb Code   114  ocp_can.o(i.can_tx_data_package)
    close                                    0x08001af7   Thumb Code    52  socket.o(i.close)
    computer_tempature                       0x08001b2d   Thumb Code   132  app_pt100.o(i.computer_tempature)
    control_all_on                           0x08001bbd   Thumb Code    88  app_gpio.o(i.control_all_on)
    control_battery_led                      0x08001c15   Thumb Code    28  app_gpio.o(i.control_battery_led)
    control_ethernet_led                     0x08001c35   Thumb Code    28  app_gpio.o(i.control_ethernet_led)
    control_fan1_power                       0x08001c55   Thumb Code    30  app_gpio.o(i.control_fan1_power)
    control_fan2_power                       0x08001c79   Thumb Code    30  app_gpio.o(i.control_fan2_power)
    control_imu_power                        0x08001c9d   Thumb Code    28  app_gpio.o(i.control_imu_power)
    control_left_oas_led                     0x08001cbd   Thumb Code    30  app_gpio.o(i.control_left_oas_led)
    control_lidar_power                      0x08001ce1   Thumb Code    30  app_gpio.o(i.control_lidar_power)
    control_motort_enable                    0x08001d05   Thumb Code    30  app_gpio.o(i.control_motort_enable)
    control_reserved_out1                    0x08001d29   Thumb Code    30  app_gpio.o(i.control_reserved_out1)
    control_reserved_out2                    0x08001d4d   Thumb Code    30  app_gpio.o(i.control_reserved_out2)
    control_reserved_out3                    0x08001d71   Thumb Code    30  app_gpio.o(i.control_reserved_out3)
    control_right_oas_led                    0x08001d95   Thumb Code    30  app_gpio.o(i.control_right_oas_led)
    control_route_power                      0x08001db9   Thumb Code    30  app_gpio.o(i.control_route_power)
    control_run_led                          0x08001ddd   Thumb Code    28  app_gpio.o(i.control_run_led)
    delay_us                                 0x08001dfd   Thumb Code    66  private.o(i.delay_us)
    do_tcp_server                            0x08001e41   Thumb Code   116  app_tcp.o(i.do_tcp_server)
    getIINCHIP_TxMAX                         0x08001ebd   Thumb Code    10  w5500_config.o(i.getIINCHIP_TxMAX)
    getSHAR                                  0x08001ecd   Thumb Code    18  w5500_config.o(i.getSHAR)
    getSIPR                                  0x08001edf   Thumb Code    18  w5500_config.o(i.getSIPR)
    getSn_IR                                 0x08001ef1   Thumb Code    18  w5500_config.o(i.getSn_IR)
    getSn_RX_RSR                             0x08001f03   Thumb Code    84  w5500_config.o(i.getSn_RX_RSR)
    getSn_SR                                 0x08001f57   Thumb Code    18  w5500_config.o(i.getSn_SR)
    getSn_TX_FSR                             0x08001f69   Thumb Code    84  w5500_config.o(i.getSn_TX_FSR)
    get_adc_value                            0x08001fbd   Thumb Code    66  ocp_adc.o(i.get_adc_value)
    gpio_NIVC_config                         0x08002005   Thumb Code   130  ocp_gpio.o(i.gpio_NIVC_config)
    gpio_config_init                         0x08002089   Thumb Code    32  ocp_gpio.o(i.gpio_config_init)
    gpio_exti_config                         0x080020ad   Thumb Code   114  ocp_gpio.o(i.gpio_exti_config)
    gpio_paramter_config                     0x08002121   Thumb Code   214  ocp_gpio.o(i.gpio_paramter_config)
    gpio_toggle_pin                          0x08002209   Thumb Code     8  ocp_gpio.o(i.gpio_toggle_pin)
    listen                                   0x08002211   Thumb Code    62  socket.o(i.listen)
    main                                     0x08002251   Thumb Code   374  main.o(i.main)
    recv                                     0x080023e9   Thumb Code    66  socket.o(i.recv)
    recv_data_processing                     0x0800242b   Thumb Code   108  w5500_config.o(i.recv_data_processing)
    rs485_select_tx_rx                       0x08002499   Thumb Code    30  ocp_uart.o(i.rs485_select_tx_rx)
    send                                     0x080024bd   Thumb Code   210  socket.o(i.send)
    send_data_processing                     0x0800258f   Thumb Code   108  w5500_config.o(i.send_data_processing)
    setSHAR                                  0x080025fb   Thumb Code    18  w5500_config.o(i.setSHAR)
    setSIPR                                  0x0800260d   Thumb Code    18  w5500_config.o(i.setSIPR)
    setSn_IR                                 0x0800261f   Thumb Code    22  w5500_config.o(i.setSn_IR)
    socket                                   0x08002635   Thumb Code   192  socket.o(i.socket)
    socket_buf_init                          0x080026f9   Thumb Code   128  w5500_config.o(i.socket_buf_init)
    spi1_init                                0x080027dd   Thumb Code    24  ocp_spi.o(i.spi1_init)
    spi_send_get_data                        0x08002849   Thumb Code   112  ocp_spi.o(i.spi_send_get_data)
    task_uart_rx                             0x0800292d   Thumb Code    46  app_uart.o(i.task_uart_rx)
    task_uart_rx_init                        0x08002961   Thumb Code    64  app_uart.o(i.task_uart_rx_init)
    uart_init                                0x080029b9   Thumb Code    12  ocp_uart.o(i.uart_init)
    w5500_config_ip                          0x08002b75   Thumb Code    26  bfm_w5500.o(i.w5500_config_ip)
    w5500_config_macAddress                  0x08002b8f   Thumb Code    26  bfm_w5500.o(i.w5500_config_macAddress)
    w5500_read_buf                           0x08002ba9   Thumb Code    84  bfm_w5500.o(i.w5500_read_buf)
    w5500_read_byte                          0x08002c01   Thumb Code    68  bfm_w5500.o(i.w5500_read_byte)
    w5500_restart                            0x08002c49   Thumb Code    36  bfm_w5500.o(i.w5500_restart)
    w5500_write_buf                          0x08002c71   Thumb Code    88  bfm_w5500.o(i.w5500_write_buf)
    w5500_write_byte                         0x08002ccd   Thumb Code    70  bfm_w5500.o(i.w5500_write_byte)
    Region$$Table$$Base                      0x08002d18   Number         0  anon$$obj.o(Region$$Table)
    Region$$Table$$Limit                     0x08002d38   Number         0  anon$$obj.o(Region$$Table)
    motorTest                                0x20000014   Data           8  main.o(.data)
    canID                                    0x2000001c   Data           4  main.o(.data)
    sysTick_                                 0x20000020   Data           4  task.o(.data)
    delayTick_                               0x20000024   Data           4  task.o(.data)
    runTick_                                 0x20000028   Data           4  task.o(.data)
    cmdTick_                                 0x2000002c   Data           1  task.o(.data)
    taskID_                                  0x2000002d   Data           1  task.o(.data)
    encoderNum_                              0x2000002e   Data           1  task.o(.data)
    defaultPort                              0x20000030   Data           2  socket.o(.data)
    txsize                                   0x20000032   Data           8  w5500_config.o(.data)
    rxsize                                   0x2000003a   Data           8  w5500_config.o(.data)
    adcValue                                 0x20000044   Data         400  main.o(.bss)
    buff                                     0x200001d4   Data        1000  app_tcp.o(.bss)
    _TaskFlow                                0x200005bc   Data         116  task.o(.bss)
    _TaskIdle                                0x20000630   Data          36  task.o(.bss)
    _TaskUartRx                              0x20000654   Data          36  task.o(.bss)
    _TaskUartTx                              0x20000678   Data          36  task.o(.bss)
    uart1RxBuf_                              0x2000069c   Data         500  task.o(.bss)
    sUart1RxCircleBuf_                       0x20000890   Data          20  task.o(.bss)
    uart1TxBuf_                              0x200008a4   Data         500  task.o(.bss)
    sUart1TxCircleBuf_                       0x20000a98   Data          20  task.o(.bss)
    uart3RxBuf_                              0x20000aac   Data         500  task.o(.bss)
    sUart3RxCircleBuf_                       0x20000ca0   Data          20  task.o(.bss)
    uart3TxBuf_                              0x20000cb4   Data         500  task.o(.bss)
    sUart3TxCircleBuf_                       0x20000ea8   Data          20  task.o(.bss)
    _TaskConfig                              0x20000ebc   Data          36  task.o(.bss)
    sParamConfig_                            0x20000ee0   Data          12  task.o(.bss)
    _TaskCanRx                               0x20000eec   Data          36  task.o(.bss)
    sCan1Buf_                                0x20000f10   Data        3004  task.o(.bss)
    sCan2Buf_                                0x20001acc   Data        3004  task.o(.bss)
    sDefaultNetConfig_                       0x20002688   Data          30  task.o(.bss)
    encoderValue_                            0x200026a6   Data         200  task.o(.bss)
    SSIZE                                    0x2000276e   Data          16  w5500_config.o(.bss)
    RSIZE                                    0x2000277e   Data          16  w5500_config.o(.bss)
    __libspace_start                         0x20002790   Data          96  libspace.o(.bss)
    __temporary_stack_top$libspace           0x200027f0   Data           0  libspace.o(.bss)



==============================================================================

Memory Map of the image

  Image Entry point : 0x08000131

  Load Region LR_IROM1 (Base: 0x08000000, Size: 0x00002d7c, Max: 0x00040000, ABSOLUTE)

    Execution Region ER_IROM1 (Base: 0x08000000, Size: 0x00002d38, Max: 0x00040000, ABSOLUTE)

    Base Addr    Size         Type   Attr      Idx    E Section Name        Object

    0x08000000   0x00000130   Data   RO          146    RESET               startup_stm32f10x_hd.o
    0x08000130   0x00000008   Code   RO         5100  * !!!main             c_w.l(__main.o)
    0x08000138   0x00000034   Code   RO         5427    !!!scatter          c_w.l(__scatter.o)
    0x0800016c   0x0000001a   Code   RO         5429    !!handler_copy      c_w.l(__scatter_copy.o)
    0x08000186   0x00000002   PAD
    0x08000188   0x0000001c   Code   RO         5431    !!handler_zi        c_w.l(__scatter_zi.o)
    0x080001a4   0x00000002   Code   RO         5238    .ARM.Collect$$libinit$$00000000  c_w.l(libinit.o)
    0x080001a6   0x00000000   Code   RO         5240    .ARM.Collect$$libinit$$00000002  c_w.l(libinit2.o)
    0x080001a6   0x00000000   Code   RO         5242    .ARM.Collect$$libinit$$00000004  c_w.l(libinit2.o)
    0x080001a6   0x00000000   Code   RO         5245    .ARM.Collect$$libinit$$0000000A  c_w.l(libinit2.o)
    0x080001a6   0x00000000   Code   RO         5247    .ARM.Collect$$libinit$$0000000C  c_w.l(libinit2.o)
    0x080001a6   0x00000000   Code   RO         5249    .ARM.Collect$$libinit$$0000000E  c_w.l(libinit2.o)
    0x080001a6   0x00000000   Code   RO         5252    .ARM.Collect$$libinit$$00000011  c_w.l(libinit2.o)
    0x080001a6   0x00000000   Code   RO         5254    .ARM.Collect$$libinit$$00000013  c_w.l(libinit2.o)
    0x080001a6   0x00000000   Code   RO         5256    .ARM.Collect$$libinit$$00000015  c_w.l(libinit2.o)
    0x080001a6   0x00000000   Code   RO         5258    .ARM.Collect$$libinit$$00000017  c_w.l(libinit2.o)
    0x080001a6   0x00000000   Code   RO         5260    .ARM.Collect$$libinit$$00000019  c_w.l(libinit2.o)
    0x080001a6   0x00000000   Code   RO         5262    .ARM.Collect$$libinit$$0000001B  c_w.l(libinit2.o)
    0x080001a6   0x00000000   Code   RO         5264    .ARM.Collect$$libinit$$0000001D  c_w.l(libinit2.o)
    0x080001a6   0x00000000   Code   RO         5266    .ARM.Collect$$libinit$$0000001F  c_w.l(libinit2.o)
    0x080001a6   0x00000000   Code   RO         5268    .ARM.Collect$$libinit$$00000021  c_w.l(libinit2.o)
    0x080001a6   0x00000000   Code   RO         5270    .ARM.Collect$$libinit$$00000023  c_w.l(libinit2.o)
    0x080001a6   0x00000000   Code   RO         5272    .ARM.Collect$$libinit$$00000025  c_w.l(libinit2.o)
    0x080001a6   0x00000000   Code   RO         5276    .ARM.Collect$$libinit$$0000002C  c_w.l(libinit2.o)
    0x080001a6   0x00000000   Code   RO         5278    .ARM.Collect$$libinit$$0000002E  c_w.l(libinit2.o)
    0x080001a6   0x00000000   Code   RO         5280    .ARM.Collect$$libinit$$00000030  c_w.l(libinit2.o)
    0x080001a6   0x00000000   Code   RO         5282    .ARM.Collect$$libinit$$00000032  c_w.l(libinit2.o)
    0x080001a6   0x00000002   Code   RO         5283    .ARM.Collect$$libinit$$00000033  c_w.l(libinit2.o)
    0x080001a8   0x00000002   Code   RO         5406    .ARM.Collect$$libshutdown$$00000000  c_w.l(libshutdown.o)
    0x080001aa   0x00000000   Code   RO         5285    .ARM.Collect$$libshutdown$$00000002  c_w.l(libshutdown2.o)
    0x080001aa   0x00000000   Code   RO         5287    .ARM.Collect$$libshutdown$$00000004  c_w.l(libshutdown2.o)
    0x080001aa   0x00000000   Code   RO         5290    .ARM.Collect$$libshutdown$$00000007  c_w.l(libshutdown2.o)
    0x080001aa   0x00000000   Code   RO         5293    .ARM.Collect$$libshutdown$$0000000A  c_w.l(libshutdown2.o)
    0x080001aa   0x00000000   Code   RO         5295    .ARM.Collect$$libshutdown$$0000000C  c_w.l(libshutdown2.o)
    0x080001aa   0x00000000   Code   RO         5298    .ARM.Collect$$libshutdown$$0000000F  c_w.l(libshutdown2.o)
    0x080001aa   0x00000002   Code   RO         5299    .ARM.Collect$$libshutdown$$00000010  c_w.l(libshutdown2.o)
    0x080001ac   0x00000000   Code   RO         5102    .ARM.Collect$$rtentry$$00000000  c_w.l(__rtentry.o)
    0x080001ac   0x00000000   Code   RO         5121    .ARM.Collect$$rtentry$$00000002  c_w.l(__rtentry2.o)
    0x080001ac   0x00000006   Code   RO         5133    .ARM.Collect$$rtentry$$00000004  c_w.l(__rtentry4.o)
    0x080001b2   0x00000000   Code   RO         5123    .ARM.Collect$$rtentry$$00000009  c_w.l(__rtentry2.o)
    0x080001b2   0x00000004   Code   RO         5124    .ARM.Collect$$rtentry$$0000000A  c_w.l(__rtentry2.o)
    0x080001b6   0x00000000   Code   RO         5126    .ARM.Collect$$rtentry$$0000000C  c_w.l(__rtentry2.o)
    0x080001b6   0x00000008   Code   RO         5127    .ARM.Collect$$rtentry$$0000000D  c_w.l(__rtentry2.o)
    0x080001be   0x00000002   Code   RO         5306    .ARM.Collect$$rtexit$$00000000  c_w.l(rtexit.o)
    0x080001c0   0x00000000   Code   RO         5352    .ARM.Collect$$rtexit$$00000002  c_w.l(rtexit2.o)
    0x080001c0   0x00000004   Code   RO         5353    .ARM.Collect$$rtexit$$00000003  c_w.l(rtexit2.o)
    0x080001c4   0x00000006   Code   RO         5354    .ARM.Collect$$rtexit$$00000004  c_w.l(rtexit2.o)
    0x080001ca   0x00000002   PAD
    0x080001cc   0x00000040   Code   RO          147    .text               startup_stm32f10x_hd.o
    0x0800020c   0x00000044   Code   RO         5094    .text               c_w.l(rt_memclr.o)
    0x08000250   0x00000006   Code   RO         5098    .text               c_w.l(heapauxi.o)
    0x08000256   0x0000004e   Code   RO         5118    .text               c_w.l(rt_memclr_w.o)
    0x080002a4   0x0000004a   Code   RO         5156    .text               c_w.l(sys_stackheap_outer.o)
    0x080002ee   0x00000012   Code   RO         5227    .text               c_w.l(exit.o)
    0x08000300   0x00000008   Code   RO         5300    .text               c_w.l(libspace.o)
    0x08000308   0x00000002   Code   RO         5303    .text               c_w.l(use_no_semi.o)
    0x0800030a   0x00000000   Code   RO         5305    .text               c_w.l(indicate_semi.o)
    0x0800030a   0x00000002   PAD
    0x0800030c   0x0000000c   Code   RO         5349    .text               c_w.l(sys_exit.o)
    0x08000318   0x00000016   Code   RO          160    i.ADC_Cmd           stm32f10x_adc.o
    0x0800032e   0x00000018   Code   RO          163    i.ADC_DiscModeChannelCountConfig  stm32f10x_adc.o
    0x08000346   0x00000016   Code   RO          164    i.ADC_DiscModeCmd   stm32f10x_adc.o
    0x0800035c   0x00000014   Code   RO          168    i.ADC_GetCalibrationStatus  stm32f10x_adc.o
    0x08000370   0x00000008   Code   RO          169    i.ADC_GetConversionValue  stm32f10x_adc.o
    0x08000378   0x00000012   Code   RO          171    i.ADC_GetFlagStatus  stm32f10x_adc.o
    0x0800038a   0x00000014   Code   RO          174    i.ADC_GetResetCalibrationStatus  stm32f10x_adc.o
    0x0800039e   0x00000002   PAD
    0x080003a0   0x00000050   Code   RO          178    i.ADC_Init          stm32f10x_adc.o
    0x080003f0   0x000000b8   Code   RO          182    i.ADC_RegularChannelConfig  stm32f10x_adc.o
    0x080004a8   0x0000000a   Code   RO          183    i.ADC_ResetCalibration  stm32f10x_adc.o
    0x080004b2   0x00000016   Code   RO          185    i.ADC_SoftwareStartConvCmd  stm32f10x_adc.o
    0x080004c8   0x0000000a   Code   RO          187    i.ADC_StartCalibration  stm32f10x_adc.o
    0x080004d2   0x00000004   Code   RO         3502    i.BusFault_Handler  stm32f10x_it.o
    0x080004d6   0x00000002   PAD
    0x080004d8   0x000000a8   Code   RO          483    i.CAN_ClearITPendingBit  stm32f10x_can.o
    0x08000580   0x00000038   Code   RO          485    i.CAN_DeInit        stm32f10x_can.o
    0x080005b8   0x00000108   Code   RO          487    i.CAN_FilterInit    stm32f10x_can.o
    0x080006c0   0x00000120   Code   RO          489    i.CAN_GetITStatus   stm32f10x_can.o
    0x080007e0   0x00000012   Code   RO          493    i.CAN_ITConfig      stm32f10x_can.o
    0x080007f2   0x00000114   Code   RO          494    i.CAN_Init          stm32f10x_can.o
    0x08000906   0x000000f0   Code   RO          497    i.CAN_Receive       stm32f10x_can.o
    0x080009f6   0x00000020   Code   RO          500    i.CAN_StructInit    stm32f10x_can.o
    0x08000a16   0x00000126   Code   RO          502    i.CAN_Transmit      stm32f10x_can.o
    0x08000b3c   0x000000a0   Code   RO          503    i.CAN_TransmitStatus  stm32f10x_can.o
    0x08000bdc   0x00000012   Code   RO          505    i.CheckITStatus     stm32f10x_can.o
    0x08000bee   0x00000014   Code   RO         4481    i.Circle_Creat_Buffer  private.o
    0x08000c02   0x00000002   Code   RO         3503    i.DebugMon_Handler  stm32f10x_it.o
    0x08000c04   0x00000014   Code   RO         3505    i.EXTI3_IRQHandler  stm32f10x_it.o
    0x08000c18   0x00000014   Code   RO         3506    i.EXTI4_IRQHandler  stm32f10x_it.o
    0x08000c2c   0x0000004e   Code   RO         3507    i.EXTI9_5_IRQHandler  stm32f10x_it.o
    0x08000c7a   0x00000002   PAD
    0x08000c7c   0x0000000c   Code   RO         1014    i.EXTI_ClearFlag    stm32f10x_exti.o
    0x08000c88   0x00000024   Code   RO         1016    i.EXTI_DeInit       stm32f10x_exti.o
    0x08000cac   0x00000018   Code   RO         1018    i.EXTI_GetFlagStatus  stm32f10x_exti.o
    0x08000cc4   0x00000094   Code   RO         1020    i.EXTI_Init         stm32f10x_exti.o
    0x08000d58   0x0000007c   Code   RO         3934    i.Encoder_Init_TIM5  ocp_timer.o
    0x08000dd4   0x00000040   Code   RO         1401    i.GPIO_EXTILineConfig  stm32f10x_gpio.o
    0x08000e14   0x00000116   Code   RO         1404    i.GPIO_Init         stm32f10x_gpio.o
    0x08000f2a   0x00000002   PAD
    0x08000f2c   0x00000090   Code   RO         1406    i.GPIO_PinRemapConfig  stm32f10x_gpio.o
    0x08000fbc   0x00000004   Code   RO         1411    i.GPIO_ResetBits    stm32f10x_gpio.o
    0x08000fc0   0x00000004   Code   RO         1412    i.GPIO_SetBits      stm32f10x_gpio.o
    0x08000fc4   0x00000004   Code   RO         3508    i.HardFault_Handler  stm32f10x_it.o
    0x08000fc8   0x00000078   Code   RO         3935    i.MY_NVIC_Init      ocp_timer.o
    0x08001040   0x00000028   Code   RO         3936    i.MY_NVIC_PriorityGroupConfig  ocp_timer.o
    0x08001068   0x00000004   Code   RO         3509    i.MemManage_Handler  stm32f10x_it.o
    0x0800106c   0x00000002   Code   RO         3510    i.NMI_Handler       stm32f10x_it.o
    0x0800106e   0x00000002   PAD
    0x08001070   0x00000070   Code   RO            4    i.NVIC_Init         misc.o
    0x080010e0   0x00000014   Code   RO            5    i.NVIC_PriorityGroupConfig  misc.o
    0x080010f4   0x00000002   Code   RO         3511    i.PendSV_Handler    stm32f10x_it.o
    0x080010f6   0x00000002   PAD
    0x080010f8   0x00000018   Code   RO         1866    i.RCC_ADCCLKConfig  stm32f10x_rcc.o
    0x08001110   0x00000020   Code   RO         1868    i.RCC_APB1PeriphClockCmd  stm32f10x_rcc.o
    0x08001130   0x00000020   Code   RO         1869    i.RCC_APB1PeriphResetCmd  stm32f10x_rcc.o
    0x08001150   0x00000020   Code   RO         1870    i.RCC_APB2PeriphClockCmd  stm32f10x_rcc.o
    0x08001170   0x000000d4   Code   RO         1878    i.RCC_GetClocksFreq  stm32f10x_rcc.o
    0x08001244   0x00000008   Code   RO         3938    i.Read_Encoder      ocp_timer.o
    0x0800124c   0x00000018   Code   RO         2383    i.SPI_Cmd           stm32f10x_spi.o
    0x08001264   0x00000012   Code   RO         2391    i.SPI_I2S_GetFlagStatus  stm32f10x_spi.o
    0x08001276   0x00000006   Code   RO         2394    i.SPI_I2S_ReceiveData  stm32f10x_spi.o
    0x0800127c   0x00000004   Code   RO         2395    i.SPI_I2S_SendData  stm32f10x_spi.o
    0x08001280   0x0000003c   Code   RO         2396    i.SPI_Init          stm32f10x_spi.o
    0x080012bc   0x00000002   Code   RO         3512    i.SVC_Handler       stm32f10x_it.o
    0x080012be   0x00000008   Code   RO         3625    i.SetSysClock       system_stm32f10x.o
    0x080012c6   0x00000002   PAD
    0x080012c8   0x000000e0   Code   RO         3626    i.SetSysClockTo72   system_stm32f10x.o
    0x080013a8   0x00000074   Code   RO         3513    i.SysTick_Handler   stm32f10x_it.o
    0x0800141c   0x00000060   Code   RO         3628    i.SystemInit        system_stm32f10x.o
    0x0800147c   0x0000004c   Code   RO         3514    i.TIM3_IRQHandler   stm32f10x_it.o
    0x080014c8   0x0000005c   Code   RO         3939    i.Timer3_Init       ocp_timer.o
    0x08001524   0x00000090   Code   RO         3515    i.USART1_IRQHandler  stm32f10x_it.o
    0x080015b4   0x00000084   Code   RO         3516    i.USART3_IRQHandler  stm32f10x_it.o
    0x08001638   0x0000001e   Code   RO         3095    i.USART_ClearITPendingBit  stm32f10x_usart.o
    0x08001656   0x00000018   Code   RO         3098    i.USART_Cmd         stm32f10x_usart.o
    0x0800166e   0x0000001a   Code   RO         3101    i.USART_GetFlagStatus  stm32f10x_usart.o
    0x08001688   0x00000054   Code   RO         3102    i.USART_GetITStatus  stm32f10x_usart.o
    0x080016dc   0x0000004a   Code   RO         3104    i.USART_ITConfig    stm32f10x_usart.o
    0x08001726   0x00000002   PAD
    0x08001728   0x000000d8   Code   RO         3105    i.USART_Init        stm32f10x_usart.o
    0x08001800   0x0000000a   Code   RO         3112    i.USART_ReceiveData  stm32f10x_usart.o
    0x0800180a   0x00000008   Code   RO         3115    i.USART_SendData    stm32f10x_usart.o
    0x08001812   0x00000002   PAD
    0x08001814   0x0000004c   Code   RO         3517    i.USB_LP_CAN1_RX0_IRQHandler  stm32f10x_it.o
    0x08001860   0x00000004   Code   RO         3518    i.UsageFault_Handler  stm32f10x_it.o
    0x08001864   0x00000028   Code   RO         3352    i.__NVIC_SetPriority  main.o
    0x0800188c   0x00000002   Code   RO         3886    i.adc_NVIC_config   ocp_adc.o
    0x0800188e   0x00000020   Code   RO         3887    i.adc_config_init   ocp_adc.o
    0x080018ae   0x00000002   PAD
    0x080018b0   0x0000002c   Code   RO         3888    i.adc_gpio_config   ocp_adc.o
    0x080018dc   0x00000088   Code   RO         3889    i.adc_paramter_config  ocp_adc.o
    0x08001964   0x00000022   Code   RO         3671    i.can1_NVIC_config  ocp_can.o
    0x08001986   0x00000002   PAD
    0x08001988   0x0000004c   Code   RO         3672    i.can1_gpio_config  ocp_can.o
    0x080019d4   0x00000018   Code   RO         3673    i.can1_init         ocp_can.o
    0x080019ec   0x00000098   Code   RO         3674    i.can1_parameter_config  ocp_can.o
    0x08001a84   0x00000072   Code   RO         3675    i.can_tx_data_package  ocp_can.o
    0x08001af6   0x00000034   Code   RO         4660    i.close             socket.o
    0x08001b2a   0x00000002   PAD
    0x08001b2c   0x00000090   Code   RO         4454    i.computer_tempature  app_pt100.o
    0x08001bbc   0x00000058   Code   RO         4335    i.control_all_on    app_gpio.o
    0x08001c14   0x00000020   Code   RO         4336    i.control_battery_led  app_gpio.o
    0x08001c34   0x00000020   Code   RO         4337    i.control_ethernet_led  app_gpio.o
    0x08001c54   0x00000024   Code   RO         4338    i.control_fan1_power  app_gpio.o
    0x08001c78   0x00000024   Code   RO         4339    i.control_fan2_power  app_gpio.o
    0x08001c9c   0x00000020   Code   RO         4340    i.control_imu_power  app_gpio.o
    0x08001cbc   0x00000024   Code   RO         4342    i.control_left_oas_led  app_gpio.o
    0x08001ce0   0x00000024   Code   RO         4343    i.control_lidar_power  app_gpio.o
    0x08001d04   0x00000024   Code   RO         4344    i.control_motort_enable  app_gpio.o
    0x08001d28   0x00000024   Code   RO         4345    i.control_reserved_out1  app_gpio.o
    0x08001d4c   0x00000024   Code   RO         4346    i.control_reserved_out2  app_gpio.o
    0x08001d70   0x00000024   Code   RO         4347    i.control_reserved_out3  app_gpio.o
    0x08001d94   0x00000024   Code   RO         4348    i.control_right_oas_led  app_gpio.o
    0x08001db8   0x00000024   Code   RO         4349    i.control_route_power  app_gpio.o
    0x08001ddc   0x00000020   Code   RO         4350    i.control_run_led   app_gpio.o
    0x08001dfc   0x00000042   Code   RO         4491    i.delay_us          private.o
    0x08001e3e   0x00000002   PAD
    0x08001e40   0x0000007c   Code   RO         4307    i.do_tcp_server     app_tcp.o
    0x08001ebc   0x00000010   Code   RO         4874    i.getIINCHIP_TxMAX  w5500_config.o
    0x08001ecc   0x00000012   Code   RO         4876    i.getSHAR           w5500_config.o
    0x08001ede   0x00000012   Code   RO         4877    i.getSIPR           w5500_config.o
    0x08001ef0   0x00000012   Code   RO         4879    i.getSn_IR          w5500_config.o
    0x08001f02   0x00000054   Code   RO         4880    i.getSn_RX_RSR      w5500_config.o
    0x08001f56   0x00000012   Code   RO         4881    i.getSn_SR          w5500_config.o
    0x08001f68   0x00000054   Code   RO         4882    i.getSn_TX_FSR      w5500_config.o
    0x08001fbc   0x00000048   Code   RO         3890    i.get_adc_value     ocp_adc.o
    0x08002004   0x00000082   Code   RO         3719    i.gpio_NIVC_config  ocp_gpio.o
    0x08002086   0x00000002   PAD
    0x08002088   0x00000024   Code   RO         3720    i.gpio_config_init  ocp_gpio.o
    0x080020ac   0x00000072   Code   RO         3721    i.gpio_exti_config  ocp_gpio.o
    0x0800211e   0x00000002   PAD
    0x08002120   0x000000e8   Code   RO         3722    i.gpio_paramter_config  ocp_gpio.o
    0x08002208   0x00000008   Code   RO         3723    i.gpio_toggle_pin   ocp_gpio.o
    0x08002210   0x0000003e   Code   RO         4663    i.listen            socket.o
    0x0800224e   0x00000002   PAD
    0x08002250   0x00000198   Code   RO         3353    i.main              main.o
    0x080023e8   0x00000042   Code   RO         4664    i.recv              socket.o
    0x0800242a   0x0000006c   Code   RO         4884    i.recv_data_processing  w5500_config.o
    0x08002496   0x00000002   PAD
    0x08002498   0x00000024   Code   RO         3771    i.rs485_select_tx_rx  ocp_uart.o
    0x080024bc   0x000000d2   Code   RO         4666    i.send              socket.o
    0x0800258e   0x0000006c   Code   RO         4885    i.send_data_processing  w5500_config.o
    0x080025fa   0x00000012   Code   RO         4890    i.setSHAR           w5500_config.o
    0x0800260c   0x00000012   Code   RO         4891    i.setSIPR           w5500_config.o
    0x0800261e   0x00000016   Code   RO         4893    i.setSn_IR          w5500_config.o
    0x08002634   0x000000c4   Code   RO         4668    i.socket            socket.o
    0x080026f8   0x00000088   Code   RO         4896    i.socket_buf_init   w5500_config.o
    0x08002780   0x00000002   Code   RO         3841    i.spi1_NVIC_config  ocp_spi.o
    0x08002782   0x00000002   PAD
    0x08002784   0x00000058   Code   RO         3842    i.spi1_gpio_config  ocp_spi.o
    0x080027dc   0x00000018   Code   RO         3843    i.spi1_init         ocp_spi.o
    0x080027f4   0x00000054   Code   RO         3844    i.spi1_parameter_config  ocp_spi.o
    0x08002848   0x00000074   Code   RO         3845    i.spi_send_get_data  ocp_spi.o
    0x080028bc   0x0000006e   Code   RO         3354    i.system_setup      main.o
    0x0800292a   0x00000002   PAD
    0x0800292c   0x00000034   Code   RO         4265    i.task_uart_rx      app_uart.o
    0x08002960   0x00000058   Code   RO         4266    i.task_uart_rx_init  app_uart.o
    0x080029b8   0x0000000c   Code   RO         3772    i.uart_init         ocp_uart.o
    0x080029c4   0x00000028   Code   RO         3773    i.usart1_NVIC_config  ocp_uart.o
    0x080029ec   0x0000004c   Code   RO         3774    i.usart1_gpio_config  ocp_uart.o
    0x08002a38   0x00000018   Code   RO         3775    i.usart1_init       ocp_uart.o
    0x08002a50   0x00000050   Code   RO         3776    i.usart1_parameter_config  ocp_uart.o
    0x08002aa0   0x00000028   Code   RO         3777    i.usart3_NVIC_config  ocp_uart.o
    0x08002ac8   0x00000044   Code   RO         3778    i.usart3_gpio_config  ocp_uart.o
    0x08002b0c   0x00000018   Code   RO         3779    i.usart3_init       ocp_uart.o
    0x08002b24   0x00000050   Code   RO         3780    i.usart3_parameter_config  ocp_uart.o
    0x08002b74   0x0000001a   Code   RO         3990    i.w5500_config_ip   bfm_w5500.o
    0x08002b8e   0x0000001a   Code   RO         3991    i.w5500_config_macAddress  bfm_w5500.o
    0x08002ba8   0x00000058   Code   RO         3993    i.w5500_read_buf    bfm_w5500.o
    0x08002c00   0x00000048   Code   RO         3994    i.w5500_read_byte   bfm_w5500.o
    0x08002c48   0x00000028   Code   RO         3995    i.w5500_restart     bfm_w5500.o
    0x08002c70   0x0000005c   Code   RO         3998    i.w5500_write_buf   bfm_w5500.o
    0x08002ccc   0x0000004c   Code   RO         3999    i.w5500_write_byte  bfm_w5500.o
    0x08002d18   0x00000020   Data   RO         5425    Region$$Table       anon$$obj.o


    Execution Region RW_IRAM1 (Base: 0x20000000, Size: 0x00002df0, Max: 0x0000c000, ABSOLUTE)

    Base Addr    Size         Type   Attr      Idx    E Section Name        Object

    0x20000000   0x00000014   Data   RW         1898    .data               stm32f10x_rcc.o
    0x20000014   0x0000000c   Data   RW         3356    .data               main.o
    0x20000020   0x0000000f   Data   RW         4606    .data               task.o
    0x2000002f   0x00000001   PAD
    0x20000030   0x00000002   Data   RW         4669    .data               socket.o
    0x20000032   0x00000010   Data   RW         4898    .data               w5500_config.o
    0x20000042   0x00000002   PAD
    0x20000044   0x00000190   Zero   RW         3355    .bss                main.o
    0x200001d4   0x000003e8   Zero   RW         4308    .bss                app_tcp.o
    0x200005bc   0x000021b2   Zero   RW         4605    .bss                task.o
    0x2000276e   0x00000020   Zero   RW         4897    .bss                w5500_config.o
    0x2000278e   0x00000002   PAD
    0x20002790   0x00000060   Zero   RW         5301    .bss                c_w.l(libspace.o)
    0x200027f0   0x00000200   Zero   RW          145    HEAP                startup_stm32f10x_hd.o
    0x200029f0   0x00000400   Zero   RW          144    STACK               startup_stm32f10x_hd.o


==============================================================================

Image component sizes


      Code (inc. data)   RO Data    RW Data    ZI Data      Debug   Object Name

       576         76          0          0          0       7461   app_gpio.o
       144         12          0          0          0        701   app_pt100.o
       124          8          0          0       1000        951   app_tcp.o
       140         30          0          0          0        875   app_uart.o
       420         22          0          0          0       4392   bfm_w5500.o
       558         48          0         12        400      31840   main.o
       132         22          0          0          0     260299   misc.o
       286         16          0          0          0       2632   ocp_adc.o
       400         10          0          0          0       3220   ocp_can.o
       520         22          0          0          0      27793   ocp_gpio.o
       314         12          0          0          0       2756   ocp_spi.o
       384         28          0          0          0       2566   ocp_timer.o
       480         26          0          0          0       4425   ocp_uart.o
        86          0          0          0          0       1557   private.o
       586          4          0          2          0       3830   socket.o
        64         26        304          0       1536        804   startup_stm32f10x_hd.o
       440         10          0          0          0      10856   stm32f10x_adc.o
      1814         44          0          0          0       8117   stm32f10x_can.o
       220         24          0          0          0       2528   stm32f10x_exti.o
       494         10          0          0          0       4472   stm32f10x_gpio.o
       686         56          0          0          0       7192   stm32f10x_it.o
       332         44          0         20          0       5514   stm32f10x_rcc.o
       112          0          0          0          0       3810   stm32f10x_spi.o
       472          6          0          0          0       6771   stm32f10x_usart.o
       328         28          0          0          0       1809   system_stm32f10x.o
         0          0          0         15       8626       2166   task.o
       666         14          0         16         32       8030   w5500_config.o

    ----------------------------------------------------------------------
     10816        598        336         68      11596     417367   Object Totals
         0          0         32          0          0          0   (incl. Generated)
        38          0          0          3          2          0   (incl. Padding)

    ----------------------------------------------------------------------

      Code (inc. data)   RO Data    RW Data    ZI Data      Debug   Library Member Name

         8          0          0          0          0         68   __main.o
         0          0          0          0          0          0   __rtentry.o
        12          0          0          0          0          0   __rtentry2.o
         6          0          0          0          0          0   __rtentry4.o
        52          8          0          0          0          0   __scatter.o
        26          0          0          0          0          0   __scatter_copy.o
        28          0          0          0          0          0   __scatter_zi.o
        18          0          0          0          0         80   exit.o
         6          0          0          0          0        152   heapauxi.o
         0          0          0          0          0          0   indicate_semi.o
         2          0          0          0          0          0   libinit.o
         2          0          0          0          0          0   libinit2.o
         2          0          0          0          0          0   libshutdown.o
         2          0          0          0          0          0   libshutdown2.o
         8          4          0          0         96         68   libspace.o
        68          0          0          0          0         68   rt_memclr.o
        78          0          0          0          0         80   rt_memclr_w.o
         2          0          0          0          0          0   rtexit.o
        10          0          0          0          0          0   rtexit2.o
        12          4          0          0          0         68   sys_exit.o
        74          0          0          0          0         80   sys_stackheap_outer.o
         2          0          0          0          0         68   use_no_semi.o

    ----------------------------------------------------------------------
       424         16          0          0         96        732   Library Totals
         6          0          0          0          0          0   (incl. Padding)

    ----------------------------------------------------------------------

      Code (inc. data)   RO Data    RW Data    ZI Data      Debug   Library Name

       418         16          0          0         96        732   c_w.l

    ----------------------------------------------------------------------
       424         16          0          0         96        732   Library Totals

    ----------------------------------------------------------------------

==============================================================================


      Code (inc. data)   RO Data    RW Data    ZI Data      Debug   

     11240        614        336         68      11692     410035   Grand Totals
     11240        614        336         68      11692     410035   ELF Image Totals
     11240        614        336         68          0          0   ROM Totals

==============================================================================

    Total RO  Size (Code + RO Data)                11576 (  11.30kB)
    Total RW  Size (RW Data + ZI Data)             11760 (  11.48kB)
    Total ROM Size (Code + RO Data + RW Data)      11644 (  11.37kB)

==============================================================================

